
- Loading orfs docker image ...

Loaded image: mflowgen/openroad-flow-scripts-base:2024-0621-f0caba6

- Creating orfs docker container ...


- Created orfs docker container with Container ID -- 616af064ba63881e19e63f8a4bdc521e22bcbee4b73e37bf115fc086e5a1304b


- Moving flow checkpoint into orfs docker container -- 616af064ba63881e19e63f8a4bdc521e22bcbee4b73e37bf115fc086e5a1304b

flow/
flow/scripts/
flow/scripts/klayout.tcl
flow/scripts/io_placement.tcl
flow/scripts/final_report.tcl
flow/scripts/pdn.tcl
flow/scripts/read_macro_placement.tcl
flow/scripts/fillcell.tcl
flow/scripts/save_images.tcl
flow/scripts/io_placement_random.tcl
flow/scripts/write_ref_sdc.tcl
flow/scripts/abc_speed.script
flow/scripts/synth_metrics.tcl
flow/scripts/global_place.tcl
flow/scripts/resize.tcl
flow/scripts/report_metrics.tcl
flow/scripts/global_route.tcl
flow/scripts/sta-synth.tcl
flow/scripts/write_def.tcl
flow/scripts/tdms_place.tcl
flow/scripts/mem_dump.py
flow/scripts/synth.tcl
flow/scripts/detail_route.tcl
flow/scripts/read_liberty.tcl
flow/scripts/tapcell.tcl
flow/scripts/deletePowerNets.tcl
flow/scripts/util.tcl
flow/scripts/global_place_skip_io.tcl
flow/scripts/synth_preamble.tcl
flow/scripts/yosys.tcl
flow/scripts/cts.tcl
flow/scripts/deleteNonClkNets.tcl
flow/scripts/synth_hier_report.tcl
flow/scripts/floorplan.tcl
flow/scripts/deleteRoutingObstructions.tcl
flow/scripts/cdl.tcl
flow/scripts/abc_area.script
flow/scripts/noop.tcl
flow/scripts/macro_place_util.tcl
flow/scripts/escape.sh
flow/scripts/add_routing_blk.tcl
flow/scripts/sc/
flow/scripts/sc/README.md
flow/scripts/sc/tools/
flow/scripts/sc/tools/openroad/
flow/scripts/sc/tools/openroad/sc_apr.tcl
flow/scripts/sc/flows/
flow/scripts/sc/flows/orflow.py
flow/scripts/sc/util/
flow/scripts/sc/util/parse_config_mk.py
flow/scripts/sc/util/parse_target_config.py
flow/scripts/sc/targets/
flow/scripts/sc/targets/nangate45_orflow.py
flow/scripts/sc/targets/asap7_orflow.py
flow/scripts/sc/targets/sky130hd_orflow.py
flow/scripts/sc/targets/sky130hs_orflow.py
flow/scripts/gui.tcl
flow/scripts/placement_blockages.tcl
flow/scripts/load.tcl
flow/scripts/generate_abstract.tcl
flow/scripts/macro_place.tcl
flow/scripts/view_cells.tcl
flow/scripts/detail_place.tcl
flow/scripts/io_placement_util.tcl
flow/scripts/density_fill.tcl
flow/scripts/write_verilog.tcl
flow/tutorials/
flow/tutorials/scripts/
flow/tutorials/scripts/gui/
flow/tutorials/scripts/gui/load_lef.tcl
flow/tutorials/scripts/drt/
flow/tutorials/scripts/drt/helpers.tcl
flow/tutorials/scripts/drt/drc_fix.tcl
flow/tutorials/scripts/drt/drc_issue.tcl
flow/tutorials/scripts/drt/gcd/
flow/tutorials/scripts/drt/gcd/drc_cts.def
flow/tutorials/scripts/drt/gcd/gcd.sdc
flow/tutorials/scripts/drt/gcd/4_cts.def
flow/tutorials/scripts/metal_fill/
flow/tutorials/scripts/metal_fill/5_route.odb
flow/tutorials/scripts/metal_fill/metal_fill.tcl
flow/tutorials/scripts/metal_fill/helpers.tcl
flow/tutorials/README.md
flow/Makefile.py
flow/platforms/
flow/platforms/nangate45/
flow/platforms/nangate45/FreePDK45.lyt
flow/platforms/nangate45/fakeram.tcl
flow/platforms/nangate45/grid_strategy-M1-M4-M7.tcl
flow/platforms/nangate45/setRC.tcl
flow/platforms/nangate45/FreePDK45.lyp
flow/platforms/nangate45/README.md
flow/platforms/nangate45/work_around_yosys/
flow/platforms/nangate45/work_around_yosys/cells.v
flow/platforms/nangate45/rcx_patterns.rules
flow/platforms/nangate45/tapcell.tcl
flow/platforms/nangate45/drc/
flow/platforms/nangate45/drc/FreePDK45.lydrc
flow/platforms/nangate45/make_tracks.tcl
flow/platforms/nangate45/lib/
flow/platforms/nangate45/lib/fakeram45_64x64.lib
flow/platforms/nangate45/lib/fakeram45_2048x39.lib
flow/platforms/nangate45/lib/fakeram45_32x32.lib
flow/platforms/nangate45/lib/fakeram45_256x95.lib
flow/platforms/nangate45/lib/fakeram45_64x7.lib
flow/platforms/nangate45/lib/fakeram45_512x64.lib
flow/platforms/nangate45/lib/fakeram45_128x116.lib
flow/platforms/nangate45/lib/fakeram45_256x48.lib
flow/platforms/nangate45/lib/fakeram45_64x32.lib
flow/platforms/nangate45/lib/fakeram45_64x15.lib
flow/platforms/nangate45/lib/fakeram45_64x21.lib
flow/platforms/nangate45/lib/fakeram45_128x32.lib
flow/platforms/nangate45/lib/fakeram45_64x124.lib
flow/platforms/nangate45/lib/fakeram45_128x256.lib
flow/platforms/nangate45/lib/NangateOpenCellLibrary_typical.lib
flow/platforms/nangate45/lib/fakeram45_1024x32.lib
flow/platforms/nangate45/lib/fakeram45_32x64.lib
flow/platforms/nangate45/lib/fakeram45_256x34.lib
flow/platforms/nangate45/lib/fakeram45_256x96.lib
flow/platforms/nangate45/lib/fakeram45_64x96.lib
flow/platforms/nangate45/lib/fakeram45_256x16.lib
flow/platforms/nangate45/lib/fakeram45_256x32.lib
flow/platforms/nangate45/lib/fakeram45_64x62.lib
flow/platforms/nangate45/cells_latch.v
flow/platforms/nangate45/fakeram.cfg
flow/platforms/nangate45/magic.tech
flow/platforms/nangate45/cells_clkgate.v
flow/platforms/nangate45/LICENSE
flow/platforms/nangate45/fastroute.tcl
flow/platforms/nangate45/gds/
flow/platforms/nangate45/gds/NangateOpenCellLibrary.gds
flow/platforms/nangate45/template_pga.cfg
flow/platforms/nangate45/config.mk
flow/platforms/nangate45/cdl/
flow/platforms/nangate45/cdl/NangateOpenCellLibrary.cdl
flow/platforms/nangate45/cells_adders.v
flow/platforms/nangate45/lef/
flow/platforms/nangate45/lef/NangateOpenCellLibrary.macro.mod.lef
flow/platforms/nangate45/lef/fakeram45_512x64.lef
flow/platforms/nangate45/lef/fakeram45_256x95.lef
flow/platforms/nangate45/lef/fakeram45_256x96.lef
flow/platforms/nangate45/lef/fakeram45_2048x39.lef
flow/platforms/nangate45/lef/NangateOpenCellLibrary.macro.lef
flow/platforms/nangate45/lef/fakeram45_64x124.lef
flow/platforms/nangate45/lef/fakeram45_256x34.lef
flow/platforms/nangate45/lef/fakeram45_64x62.lef
flow/platforms/nangate45/lef/fakeram45_32x64.lef
flow/platforms/nangate45/lef/fakeram45_64x21.lef
flow/platforms/nangate45/lef/fakeram45_1024x32.lef
flow/platforms/nangate45/lef/fakeram45_128x116.lef
flow/platforms/nangate45/lef/fakeram45_64x7.lef
flow/platforms/nangate45/lef/NangateOpenCellLibrary.macro.rect.lef
flow/platforms/nangate45/lef/fakeram45_32x32.lef
flow/platforms/nangate45/lef/NangateOpenCellLibrary.tech.lef
flow/platforms/nangate45/lef/fakeram45_64x96.lef
flow/platforms/nangate45/lef/fakeram45_256x48.lef
flow/platforms/nangate45/lef/fakeram45_64x32.lef
flow/platforms/nangate45/lef/fakeram45_256x32.lef
flow/platforms/nangate45/lef/fakeram45_64x64.lef
flow/platforms/nangate45/lef/fakeram45_128x256.lef
flow/platforms/nangate45/lef/fakeram45_256x16.lef
flow/platforms/nangate45/lef/fakeram45_64x15.lef
flow/platforms/nangate45/lef/fakeram45_128x32.lef
flow/platforms/common/
flow/platforms/common/lcu_kogge_stone.v
flow/reports/
flow/reports/nangate45/
flow/reports/nangate45/gcd/
flow/reports/nangate45/gcd/base/
flow/reports/nangate45/gcd/base/synth_check.txt
flow/reports/nangate45/gcd/base/synth_stat.txt
flow/util/
flow/util/gallery.json
flow/util/plot_floorplan.py
flow/util/correlateRC.py
flow/util/generate-vars.sh
flow/util/genReport.py
flow/util/addDummyToLef.py
flow/util/executeParallel.sh
flow/util/genMassive.py
flow/util/calPath.py
flow/util/docker_shell
flow/util/cell-veneer/
flow/util/cell-veneer/README.md
flow/util/cell-veneer/pkgIndex.tcl
flow/util/cell-veneer/lefdef.tcl
flow/util/cell-veneer/wrap_stdcells.tcl
flow/util/cell-veneer/wrap.tcl
flow/util/distributed.py
flow/util/genAllRuleFiles.sh
flow/util/genMetrics.py
flow/util/checkMetadata.py
flow/util/genElapsedTime.py
flow/util/uploadMetadata.py
flow/util/appendStatsToDb.py
flow/util/write_net_rc.tcl
flow/util/viewDrc.py
flow/util/run.sh
flow/util/def2stream.py
flow/util/genReportTable.py
flow/util/updateRules.py
flow/util/write_net_rc_script.tcl
flow/util/utils.mk
flow/util/calBuffer.py
flow/util/createGallery.py
flow/util/mergeLib.pl
flow/util/makeIssue.sh
flow/util/convertDrc.py
flow/util/preprocessLib.py
flow/util/viewGuide.py
flow/util/genRuleFile.py
flow/logs/
flow/logs/nangate45/
flow/logs/nangate45/gcd/
flow/logs/nangate45/gcd/base/
flow/logs/nangate45/gcd/base/1_1_yosys.log
flow/results/
flow/results/nangate45/
flow/results/nangate45/gcd/
flow/results/nangate45/gcd/base/
flow/results/nangate45/gcd/base/mem.json
flow/results/nangate45/gcd/base/1_synth.sdc
flow/results/nangate45/gcd/base/1_synth.v
flow/results/nangate45/gcd/base/1_1_yosys.v
flow/results/nangate45/gcd/base/clock_period.txt
flow/.gitignore
flow/test/
flow/test/test_helper.sh
flow/test/test_genElapsedTime.py
flow/test/core_tests.sh
flow/test/test_delta_debug.sh
flow/test/test_make_issue.sh
flow/test/smoke.sh
flow/test/nodes.txt
flow/test/.gitignore
flow/objects/
flow/objects/nangate45/
flow/objects/nangate45/gcd/
flow/objects/nangate45/gcd/base/
flow/objects/nangate45/gcd/base/abc.constr
flow/objects/nangate45/gcd/base/lib/
flow/objects/nangate45/gcd/base/lib/NangateOpenCellLibrary_typical.lib
flow/Makefile
flow/designs/
flow/designs/nangate45/
flow/designs/nangate45/gcd/
flow/designs/nangate45/gcd/rules-base.json
flow/designs/nangate45/gcd/constraint.sdc
flow/designs/nangate45/gcd/metadata-base-ok.json
flow/designs/nangate45/gcd/config.mk
flow/designs/src/
flow/designs/src/gcd/
flow/designs/src/gcd/README.md
flow/designs/src/gcd/gcd.v

- Executing flow commands inside orfs docker container -- 616af064ba63881e19e63f8a4bdc521e22bcbee4b73e37bf115fc086e5a1304b

OpenROAD v2.0-14264-g08c19394f 
Features included (+) or not (-): +Charts +GPU +GUI +Python
This program is licensed under the BSD-3 license. See the LICENSE file for details.
Components of this program may be licensed under more restrictive licenses which must be honored.
mkdir -p ./objects/nangate45/gcd/base
Running floorplan.tcl, stage 2_1_floorplan
[INFO ODB-0227] LEF file: /OpenROAD-flow-scripts/flow/platforms/nangate45/lef/NangateOpenCellLibrary.tech.lef, created 22 layers, 27 vias
[INFO ODB-0227] LEF file: /OpenROAD-flow-scripts/flow/platforms/nangate45/lef/NangateOpenCellLibrary.macro.mod.lef, created 135 library cells

==========================================================================
Floorplan check_setup
--------------------------------------------------------------------------
number instances in verilog is 3456
[WARNING IFP-0028] Core area lower left (1.000, 1.000) snapped to (1.140, 1.400).
[INFO IFP-0001] Added 58 rows of 429 site FreePDK45_38x28_10R_NP_162NW_34O.
[INFO RSZ-0026] Removed 68 buffers.
Default units for flow
 time 1ns
 capacitance 1fF
 resistance 1kohm
 voltage 1v
 current 1mA
 power 1nW
 distance 1um
Report metrics stage 2, floorplan final...

==========================================================================
floorplan final report_design_area
--------------------------------------------------------------------------
Design area 3548 u^2 54% utilization.
Elapsed time: 0:00.74[h:]min:sec. CPU time: user 0.72 sys 0.06 (105%). Peak memory: 108504KB.
Running io_placement_random.tcl, stage 2_2_floorplan_io
place_pins -hor_layer metal5 -ver_layer metal6 -random
Found 0 macro blocks.
Using 2 tracks default min distance between IO pins.
[INFO PPL-0007] Random pin placement.
Elapsed time: 0:00.39[h:]min:sec. CPU time: user 0.36 sys 0.05 (107%). Peak memory: 99800KB.
Running tdms_place.tcl, stage 2_3_floorplan_tdms
No macros found: Skipping global_placement
Elapsed time: 0:00.37[h:]min:sec. CPU time: user 0.35 sys 0.04 (108%). Peak memory: 99544KB.
Running macro_place.tcl, stage 2_4_floorplan_macro
[INFO ORD-0030] Using 16 thread(s).
No macros found: Skipping macro_placement
Elapsed time: 0:00.37[h:]min:sec. CPU time: user 0.33 sys 0.05 (106%). Peak memory: 99800KB.
Running tapcell.tcl, stage 2_5_floorplan_tapcell
[INFO TAP-0004] Inserted 116 endcaps.
[INFO TAP-0005] Inserted 0 tapcells.
Elapsed time: 0:00.37[h:]min:sec. CPU time: user 0.35 sys 0.02 (104%). Peak memory: 97576KB.
Running pdn.tcl, stage 2_6_floorplan_pdn
[INFO PDN-0001] Inserting grid: grid
Elapsed time: 0:00.42[h:]min:sec. CPU time: user 0.40 sys 0.04 (104%). Peak memory: 101464KB.
cp ./results/nangate45/gcd/base/2_6_floorplan_pdn.odb ./results/nangate45/gcd/base/2_floorplan.odb

- Moving flow checkpoint out of orfs docker container -- 616af064ba63881e19e63f8a4bdc521e22bcbee4b73e37bf115fc086e5a1304b


- Cleaning up docker containers and images

616af064ba63881e19e63f8a4bdc521e22bcbee4b73e37bf115fc086e5a1304b

- Preparing outputs

flow/
flow/scripts/
flow/scripts/klayout.tcl
flow/scripts/io_placement.tcl
flow/scripts/final_report.tcl
flow/scripts/pdn.tcl
flow/scripts/read_macro_placement.tcl
flow/scripts/fillcell.tcl
flow/scripts/save_images.tcl
flow/scripts/io_placement_random.tcl
flow/scripts/write_ref_sdc.tcl
flow/scripts/abc_speed.script
flow/scripts/synth_metrics.tcl
flow/scripts/global_place.tcl
flow/scripts/resize.tcl
flow/scripts/report_metrics.tcl
flow/scripts/global_route.tcl
flow/scripts/sta-synth.tcl
flow/scripts/write_def.tcl
flow/scripts/tdms_place.tcl
flow/scripts/mem_dump.py
flow/scripts/synth.tcl
flow/scripts/detail_route.tcl
flow/scripts/read_liberty.tcl
flow/scripts/tapcell.tcl
flow/scripts/deletePowerNets.tcl
flow/scripts/util.tcl
flow/scripts/global_place_skip_io.tcl
flow/scripts/synth_preamble.tcl
flow/scripts/yosys.tcl
flow/scripts/cts.tcl
flow/scripts/deleteNonClkNets.tcl
flow/scripts/synth_hier_report.tcl
flow/scripts/floorplan.tcl
flow/scripts/deleteRoutingObstructions.tcl
flow/scripts/cdl.tcl
flow/scripts/abc_area.script
flow/scripts/noop.tcl
flow/scripts/macro_place_util.tcl
flow/scripts/escape.sh
flow/scripts/add_routing_blk.tcl
flow/scripts/sc/
flow/scripts/sc/README.md
flow/scripts/sc/tools/
flow/scripts/sc/tools/openroad/
flow/scripts/sc/tools/openroad/sc_apr.tcl
flow/scripts/sc/flows/
flow/scripts/sc/flows/orflow.py
flow/scripts/sc/util/
flow/scripts/sc/util/parse_config_mk.py
flow/scripts/sc/util/parse_target_config.py
flow/scripts/sc/targets/
flow/scripts/sc/targets/nangate45_orflow.py
flow/scripts/sc/targets/asap7_orflow.py
flow/scripts/sc/targets/sky130hd_orflow.py
flow/scripts/sc/targets/sky130hs_orflow.py
flow/scripts/gui.tcl
flow/scripts/placement_blockages.tcl
flow/scripts/load.tcl
flow/scripts/generate_abstract.tcl
flow/scripts/macro_place.tcl
flow/scripts/view_cells.tcl
flow/scripts/detail_place.tcl
flow/scripts/io_placement_util.tcl
flow/scripts/density_fill.tcl
flow/scripts/write_verilog.tcl
flow/tutorials/
flow/tutorials/scripts/
flow/tutorials/scripts/gui/
flow/tutorials/scripts/gui/load_lef.tcl
flow/tutorials/scripts/drt/
flow/tutorials/scripts/drt/helpers.tcl
flow/tutorials/scripts/drt/drc_fix.tcl
flow/tutorials/scripts/drt/drc_issue.tcl
flow/tutorials/scripts/drt/gcd/
flow/tutorials/scripts/drt/gcd/drc_cts.def
flow/tutorials/scripts/drt/gcd/gcd.sdc
flow/tutorials/scripts/drt/gcd/4_cts.def
flow/tutorials/scripts/metal_fill/
flow/tutorials/scripts/metal_fill/5_route.odb
flow/tutorials/scripts/metal_fill/metal_fill.tcl
flow/tutorials/scripts/metal_fill/helpers.tcl
flow/tutorials/README.md
flow/Makefile.py
flow/platforms/
flow/platforms/nangate45/
flow/platforms/nangate45/FreePDK45.lyt
flow/platforms/nangate45/fakeram.tcl
flow/platforms/nangate45/grid_strategy-M1-M4-M7.tcl
flow/platforms/nangate45/setRC.tcl
flow/platforms/nangate45/FreePDK45.lyp
flow/platforms/nangate45/README.md
flow/platforms/nangate45/work_around_yosys/
flow/platforms/nangate45/work_around_yosys/cells.v
flow/platforms/nangate45/rcx_patterns.rules
flow/platforms/nangate45/tapcell.tcl
flow/platforms/nangate45/drc/
flow/platforms/nangate45/drc/FreePDK45.lydrc
flow/platforms/nangate45/make_tracks.tcl
flow/platforms/nangate45/lib/
flow/platforms/nangate45/lib/fakeram45_64x64.lib
flow/platforms/nangate45/lib/fakeram45_2048x39.lib
flow/platforms/nangate45/lib/fakeram45_32x32.lib
flow/platforms/nangate45/lib/fakeram45_256x95.lib
flow/platforms/nangate45/lib/fakeram45_64x7.lib
flow/platforms/nangate45/lib/fakeram45_512x64.lib
flow/platforms/nangate45/lib/fakeram45_128x116.lib
flow/platforms/nangate45/lib/fakeram45_256x48.lib
flow/platforms/nangate45/lib/fakeram45_64x32.lib
flow/platforms/nangate45/lib/fakeram45_64x15.lib
flow/platforms/nangate45/lib/fakeram45_64x21.lib
flow/platforms/nangate45/lib/fakeram45_128x32.lib
flow/platforms/nangate45/lib/fakeram45_64x124.lib
flow/platforms/nangate45/lib/fakeram45_128x256.lib
flow/platforms/nangate45/lib/NangateOpenCellLibrary_typical.lib
flow/platforms/nangate45/lib/fakeram45_1024x32.lib
flow/platforms/nangate45/lib/fakeram45_32x64.lib
flow/platforms/nangate45/lib/fakeram45_256x34.lib
flow/platforms/nangate45/lib/fakeram45_256x96.lib
flow/platforms/nangate45/lib/fakeram45_64x96.lib
flow/platforms/nangate45/lib/fakeram45_256x16.lib
flow/platforms/nangate45/lib/fakeram45_256x32.lib
flow/platforms/nangate45/lib/fakeram45_64x62.lib
flow/platforms/nangate45/cells_latch.v
flow/platforms/nangate45/fakeram.cfg
flow/platforms/nangate45/magic.tech
flow/platforms/nangate45/cells_clkgate.v
flow/platforms/nangate45/LICENSE
flow/platforms/nangate45/fastroute.tcl
flow/platforms/nangate45/gds/
flow/platforms/nangate45/gds/NangateOpenCellLibrary.gds
flow/platforms/nangate45/template_pga.cfg
flow/platforms/nangate45/config.mk
flow/platforms/nangate45/cdl/
flow/platforms/nangate45/cdl/NangateOpenCellLibrary.cdl
flow/platforms/nangate45/cells_adders.v
flow/platforms/nangate45/lef/
flow/platforms/nangate45/lef/NangateOpenCellLibrary.macro.mod.lef
flow/platforms/nangate45/lef/fakeram45_512x64.lef
flow/platforms/nangate45/lef/fakeram45_256x95.lef
flow/platforms/nangate45/lef/fakeram45_256x96.lef
flow/platforms/nangate45/lef/fakeram45_2048x39.lef
flow/platforms/nangate45/lef/NangateOpenCellLibrary.macro.lef
flow/platforms/nangate45/lef/fakeram45_64x124.lef
flow/platforms/nangate45/lef/fakeram45_256x34.lef
flow/platforms/nangate45/lef/fakeram45_64x62.lef
flow/platforms/nangate45/lef/fakeram45_32x64.lef
flow/platforms/nangate45/lef/fakeram45_64x21.lef
flow/platforms/nangate45/lef/fakeram45_1024x32.lef
flow/platforms/nangate45/lef/fakeram45_128x116.lef
flow/platforms/nangate45/lef/fakeram45_64x7.lef
flow/platforms/nangate45/lef/NangateOpenCellLibrary.macro.rect.lef
flow/platforms/nangate45/lef/fakeram45_32x32.lef
flow/platforms/nangate45/lef/NangateOpenCellLibrary.tech.lef
flow/platforms/nangate45/lef/fakeram45_64x96.lef
flow/platforms/nangate45/lef/fakeram45_256x48.lef
flow/platforms/nangate45/lef/fakeram45_64x32.lef
flow/platforms/nangate45/lef/fakeram45_256x32.lef
flow/platforms/nangate45/lef/fakeram45_64x64.lef
flow/platforms/nangate45/lef/fakeram45_128x256.lef
flow/platforms/nangate45/lef/fakeram45_256x16.lef
flow/platforms/nangate45/lef/fakeram45_64x15.lef
flow/platforms/nangate45/lef/fakeram45_128x32.lef
flow/platforms/common/
flow/platforms/common/lcu_kogge_stone.v
flow/reports/
flow/reports/nangate45/
flow/reports/nangate45/gcd/
flow/reports/nangate45/gcd/base/
flow/reports/nangate45/gcd/base/synth_check.txt
flow/reports/nangate45/gcd/base/2_floorplan_final.rpt
flow/reports/nangate45/gcd/base/synth_stat.txt
flow/util/
flow/util/gallery.json
flow/util/plot_floorplan.py
flow/util/correlateRC.py
flow/util/generate-vars.sh
flow/util/genReport.py
flow/util/addDummyToLef.py
flow/util/executeParallel.sh
flow/util/genMassive.py
flow/util/calPath.py
flow/util/docker_shell
flow/util/cell-veneer/
flow/util/cell-veneer/README.md
flow/util/cell-veneer/pkgIndex.tcl
flow/util/cell-veneer/lefdef.tcl
flow/util/cell-veneer/wrap_stdcells.tcl
flow/util/cell-veneer/wrap.tcl
flow/util/distributed.py
flow/util/genAllRuleFiles.sh
flow/util/genMetrics.py
flow/util/checkMetadata.py
flow/util/genElapsedTime.py
flow/util/uploadMetadata.py
flow/util/appendStatsToDb.py
flow/util/write_net_rc.tcl
flow/util/viewDrc.py
flow/util/run.sh
flow/util/def2stream.py
flow/util/genReportTable.py
flow/util/updateRules.py
flow/util/write_net_rc_script.tcl
flow/util/utils.mk
flow/util/calBuffer.py
flow/util/createGallery.py
flow/util/mergeLib.pl
flow/util/makeIssue.sh
flow/util/convertDrc.py
flow/util/preprocessLib.py
flow/util/viewGuide.py
flow/util/genRuleFile.py
flow/logs/
flow/logs/nangate45/
flow/logs/nangate45/gcd/
flow/logs/nangate45/gcd/base/
flow/logs/nangate45/gcd/base/2_1_floorplan.json
flow/logs/nangate45/gcd/base/2_6_floorplan_pdn.json
flow/logs/nangate45/gcd/base/1_1_yosys.log
flow/logs/nangate45/gcd/base/2_4_floorplan_macro.log
flow/logs/nangate45/gcd/base/2_3_floorplan_tdms.json
flow/logs/nangate45/gcd/base/2_4_floorplan_macro.json
flow/logs/nangate45/gcd/base/2_2_floorplan_io.json
flow/logs/nangate45/gcd/base/2_5_floorplan_tapcell.log
flow/logs/nangate45/gcd/base/2_6_floorplan_pdn.log
flow/logs/nangate45/gcd/base/2_2_floorplan_io.log
flow/logs/nangate45/gcd/base/2_5_floorplan_tapcell.json
flow/logs/nangate45/gcd/base/2_3_floorplan_tdms.log
flow/logs/nangate45/gcd/base/2_1_floorplan.log
flow/results/
flow/results/nangate45/
flow/results/nangate45/gcd/
flow/results/nangate45/gcd/base/
flow/results/nangate45/gcd/base/mem.json
flow/results/nangate45/gcd/base/1_synth.sdc
flow/results/nangate45/gcd/base/2_4_floorplan_macro.odb
flow/results/nangate45/gcd/base/2_6_floorplan_pdn.odb
flow/results/nangate45/gcd/base/2_5_floorplan_tapcell.odb
flow/results/nangate45/gcd/base/2_floorplan.sdc
flow/results/nangate45/gcd/base/1_synth.v
flow/results/nangate45/gcd/base/1_1_yosys.v
flow/results/nangate45/gcd/base/2_3_floorplan_tdms.odb
flow/results/nangate45/gcd/base/2_floorplan.odb
flow/results/nangate45/gcd/base/clock_period.txt
flow/results/nangate45/gcd/base/2_2_floorplan_io.odb
flow/results/nangate45/gcd/base/2_1_floorplan.odb
flow/.gitignore
flow/test/
flow/test/test_helper.sh
flow/test/test_genElapsedTime.py
flow/test/core_tests.sh
flow/test/test_delta_debug.sh
flow/test/test_make_issue.sh
flow/test/smoke.sh
flow/test/nodes.txt
flow/test/.gitignore
flow/objects/
flow/objects/nangate45/
flow/objects/nangate45/gcd/
flow/objects/nangate45/gcd/base/
flow/objects/nangate45/gcd/base/copyright.txt
flow/objects/nangate45/gcd/base/abc.constr
flow/objects/nangate45/gcd/base/lib/
flow/objects/nangate45/gcd/base/lib/NangateOpenCellLibrary_typical.lib
flow/Makefile
flow/designs/
flow/designs/nangate45/
flow/designs/nangate45/gcd/
flow/designs/nangate45/gcd/rules-base.json
flow/designs/nangate45/gcd/constraint.sdc
flow/designs/nangate45/gcd/metadata-base-ok.json
flow/designs/nangate45/gcd/config.mk
flow/designs/src/
flow/designs/src/gcd/
flow/designs/src/gcd/README.md
flow/designs/src/gcd/gcd.v
