OpenROAD v2.0-14264-g08c19394f 
Features included (+) or not (-): +Charts +GPU +GUI +Python
This program is licensed under the BSD-3 license. See the LICENSE file for details.
Components of this program may be licensed under more restrictive licenses which must be honored.
Perform port buffering...
[INFO RSZ-0027] Inserted 82 input buffers.
[INFO RSZ-0028] Inserted 9 output buffers.
Perform buffer insertion...
[INFO RSZ-0058] Using max wire length 634um.
[INFO RSZ-0039] Resized 822 instances.
Repair tie lo fanout...
Repair tie hi fanout...
Floating nets: 
Report metrics stage 3, resizer...

==========================================================================
resizer report_design_area
--------------------------------------------------------------------------
Design area 3231 u^2 49% utilization.
Instance count before 3504, after 3595
Pin count before 10273, after 10455
Elapsed time: 0:01.83[h:]min:sec. CPU time: user 1.87 sys 0.05 (105%). Peak memory: 114776KB.
