 
****************************************
Report : reference
Design : mac_pipeline_shift
Version: Q-2019.12-SP5-5
Date   : Sun Jun 15 19:00:14 2025
****************************************

Attributes:
    b - black box (unknown)
   bo - allows boundary optimization
    d - dont_touch
   mo - map_only
    h - hierarchical
    n - noncombinational
    r - removable
    s - synthetic operator
    u - contains unmapped logic

Reference          Library       Unit Area   Count    Total Area   Attributes
-----------------------------------------------------------------------------
AND2X1_LVT         saed32lvt_ss0p75v125c
                                  2.033152      58    117.922822  
AND3X1_LVT         saed32lvt_ss0p75v125c
                                  2.287296     112    256.177158  
AND4X1_LVT         saed32lvt_ss0p75v125c
                                  2.541440      30     76.243200  
AO21X1_LVT         saed32lvt_ss0p75v125c
                                  2.541440      79    200.773761  
AO22X1_LVT         saed32lvt_ss0p75v125c
                                  2.541440     252    640.442883  
AO221X1_LVT        saed32lvt_ss0p75v125c
                                  3.049728       4     12.198912  
AO222X1_LVT        saed32lvt_ss0p75v125c
                                  3.303872       3      9.911616  
AOI21X1_LVT        saed32lvt_ss0p75v125c
                                  3.049728       7     21.348095  
AOI22X1_LVT        saed32lvt_ss0p75v125c
                                  3.049728     213    649.592046  
AOI222X1_LVT       saed32lvt_ss0p75v125c
                                  3.812160       3     11.436480  
DFFARX1_LVT        saed32lvt_ss0p75v125c
                                  7.116032       4     28.464128  n
FADDX1_LVT         saed32lvt_ss0p75v125c
                                  4.828736      54    260.751735  r
HADDX1_LVT         saed32lvt_ss0p75v125c
                                  3.303872      36    118.939396  r
INVX1_LVT          saed32lvt_ss0p75v125c
                                  1.270720     167    212.210241  
LATCHX1_LVT        saed32lvt_ss0p75v125c
                                  5.082880     537   2729.506571  n
NAND2X0_LVT        saed32lvt_ss0p75v125c
                                  1.524864     287    437.635956  
NAND3X0_LVT        saed32lvt_ss0p75v125c
                                  1.779008      80    142.320642  
NAND4X0_LVT        saed32lvt_ss0p75v125c
                                  2.033152      27     54.895107  
NBUFFX2_LVT        saed32lvt_ss0p75v125c
                                  2.033152       7     14.232065  
NOR2X0_LVT         saed32lvt_ss0p75v125c
                                  2.541440      11     27.955840  
NOR3X0_LVT         saed32lvt_ss0p75v125c
                                  2.795584      20     55.911679  
NOR4X1_LVT         saed32lvt_ss0p75v125c
                                  3.049728      45    137.237756  
OA21X1_LVT         saed32lvt_ss0p75v125c
                                  2.541440      10     25.414400  
OA22X1_LVT         saed32lvt_ss0p75v125c
                                  2.541440      93    236.353921  
OA221X1_LVT        saed32lvt_ss0p75v125c
                                  3.049728       1      3.049728  
OA222X1_LVT        saed32lvt_ss0p75v125c
                                  3.303872       1      3.303872  
OAI21X1_LVT        saed32lvt_ss0p75v125c
                                  3.049728       3      9.149184  
OAI22X1_LVT        saed32lvt_ss0p75v125c
                                  3.049728       1      3.049728  
OR2X1_LVT          saed32lvt_ss0p75v125c
                                  2.033152       1      2.033152  
OR3X1_LVT          saed32lvt_ss0p75v125c
                                  2.287296      19     43.458625  
XNOR2X1_LVT        saed32lvt_ss0p75v125c
                                  4.320448       3     12.961344  
XOR2X1_LVT         saed32lvt_ss0p75v125c
                                  4.320448       9     38.884031  
-----------------------------------------------------------------------------
Total 32 references                                  6593.766075
1
