Loading db file '/home/SOC17/freepdk-45nm/stdcells.db'
Information: Propagating switching activity (high effort zero delay simulation). (PWR-6)
Warning: Design has unannotated primary inputs. (PWR-414)
Warning: Design has unannotated sequential cell outputs. (PWR-415)
Warning: Design has unannotated black box outputs. (PWR-428)
 
****************************************
Report : power
        -analysis_effort high
Design : SPRNN_Top
Version: Q-2019.12-SP5-5
Date   : Sun Jun 15 20:55:22 2025
****************************************


Library(s) Used:

    NangateOpenCellLibrary (File: /home/SOC17/freepdk-45nm/stdcells.db)


Operating Conditions: typical   Library: NangateOpenCellLibrary
Wire Load Model Mode: top

Design        Wire Load Model            Library
------------------------------------------------
SPRNN_Top              5K_hvratio_1_1    NangateOpenCellLibrary


Global Operating Voltage = 1.1  
Power-specific unit information :
    Voltage Units = 1V
    Capacitance Units = 1.000000ff
    Time Units = 1ns
    Dynamic Power Units = 1uW    (derived from V,C,T units)
    Leakage Power Units = 1nW


  Cell Internal Power  =  18.0435 mW    (8%)
  Net Switching Power  = 195.6072 mW   (92%)
                         ---------
Total Dynamic Power    = 213.6507 mW  (100%)

Cell Leakage Power     =   3.5140 mW


                 Internal         Switching           Leakage            Total
Power Group      Power            Power               Power              Power   (   %    )  Attrs
--------------------------------------------------------------------------------------------------
io_pad             0.0000            0.0000            0.0000            0.0000  (   0.00%)
memory             0.0000            0.0000            0.0000            0.0000  (   0.00%)
black_box          0.0000            0.0000            0.0000            0.0000  (   0.00%)
clock_network    210.7307        1.9456e+05        6.1878e+05        1.9540e+05  (  89.98%)
register       1.7426e+04          144.0810        1.4501e+06        1.9020e+04  (   8.76%)
sequential        52.5562            2.0645        1.9952e+04           74.5729  (   0.03%)
combinational    354.2104          877.7728        1.4251e+06        2.6571e+03  (   1.22%)
--------------------------------------------------------------------------------------------------
Total          1.8044e+04 uW     1.9559e+05 uW     3.5140e+06 nW     2.1715e+05 uW
1
