#! /c/Source/iverilog-install/bin/vvp
:ivl_version "12.0 (devel)" "(s20150603-1539-g2693dd32b)";
:ivl_delay_selection "TYPICAL";
:vpi_time_precision + 0;
:vpi_module "C:\iverilog\lib\ivl\system.vpi";
:vpi_module "C:\iverilog\lib\ivl\vhdl_sys.vpi";
:vpi_module "C:\iverilog\lib\ivl\vhdl_textio.vpi";
:vpi_module "C:\iverilog\lib\ivl\v2005_math.vpi";
:vpi_module "C:\iverilog\lib\ivl\va_math.vpi";
:vpi_module "C:\iverilog\lib\ivl\v2009.vpi";
S_000001f053056880 .scope package, "$unit" "$unit" 2 1;
 .timescale 0 0;
S_000001f053056a10 .scope module, "maxpool_2x4_16ch" "maxpool_2x4_16ch" 3 8;
 .timescale 0 0;
    .port_info 0 /INPUT 1 "clk";
    .port_info 1 /INPUT 1 "rstb";
    .port_info 2 /INPUT 1 "valid_in";
    .port_info 3 /INPUT 128 "in_data";
    .port_info 4 /OUTPUT 1 "valid_out";
    .port_info 5 /OUTPUT 128 "out_data";
P_000001f052f01540 .param/l "CH" 0 3 12, +C4<00000000000000000000000000010000>;
P_000001f052f01578 .param/l "DATA_WIDTH" 0 3 9, +C4<00000000000000000000000000001000>;
P_000001f052f015b0 .param/l "H_IN" 0 3 10, +C4<00000000000000000000000001100100>;
P_000001f052f015e8 .param/l "W_IN" 0 3 11, +C4<00000000000000000000000001100100>;
v000001f052f683f0_0 .var/i "c", 31 0;
o000001f052f172a8 .functor BUFZ 1, C4<z>; HiZ drive
v000001f052f68800_0 .net "clk", 0 0, o000001f052f172a8;  0 drivers
v000001f052f68c60_0 .var "col_cnt", 6 0;
o000001f052f17308 .functor BUFZ 8, C4<zzzzzzzz>; HiZ drive
v000001f052f68d00 .array "in_data", 15 0;
v000001f052f68d00_0 .net/s v000001f052f68d00 0, 7 0, o000001f052f17308; 0 drivers
o000001f052f17338 .functor BUFZ 8, C4<zzzzzzzz>; HiZ drive
v000001f052f68d00_1 .net/s v000001f052f68d00 1, 7 0, o000001f052f17338; 0 drivers
o000001f052f17368 .functor BUFZ 8, C4<zzzzzzzz>; HiZ drive
v000001f052f68d00_2 .net/s v000001f052f68d00 2, 7 0, o000001f052f17368; 0 drivers
o000001f052f17398 .functor BUFZ 8, C4<zzzzzzzz>; HiZ drive
v000001f052f68d00_3 .net/s v000001f052f68d00 3, 7 0, o000001f052f17398; 0 drivers
o000001f052f173c8 .functor BUFZ 8, C4<zzzzzzzz>; HiZ drive
v000001f052f68d00_4 .net/s v000001f052f68d00 4, 7 0, o000001f052f173c8; 0 drivers
o000001f052f173f8 .functor BUFZ 8, C4<zzzzzzzz>; HiZ drive
v000001f052f68d00_5 .net/s v000001f052f68d00 5, 7 0, o000001f052f173f8; 0 drivers
o000001f052f17428 .functor BUFZ 8, C4<zzzzzzzz>; HiZ drive
v000001f052f68d00_6 .net/s v000001f052f68d00 6, 7 0, o000001f052f17428; 0 drivers
o000001f052f17458 .functor BUFZ 8, C4<zzzzzzzz>; HiZ drive
v000001f052f68d00_7 .net/s v000001f052f68d00 7, 7 0, o000001f052f17458; 0 drivers
o000001f052f17488 .functor BUFZ 8, C4<zzzzzzzz>; HiZ drive
v000001f052f68d00_8 .net/s v000001f052f68d00 8, 7 0, o000001f052f17488; 0 drivers
o000001f052f174b8 .functor BUFZ 8, C4<zzzzzzzz>; HiZ drive
v000001f052f68d00_9 .net/s v000001f052f68d00 9, 7 0, o000001f052f174b8; 0 drivers
o000001f052f174e8 .functor BUFZ 8, C4<zzzzzzzz>; HiZ drive
v000001f052f68d00_10 .net/s v000001f052f68d00 10, 7 0, o000001f052f174e8; 0 drivers
o000001f052f17518 .functor BUFZ 8, C4<zzzzzzzz>; HiZ drive
v000001f052f68d00_11 .net/s v000001f052f68d00 11, 7 0, o000001f052f17518; 0 drivers
o000001f052f17548 .functor BUFZ 8, C4<zzzzzzzz>; HiZ drive
v000001f052f68d00_12 .net/s v000001f052f68d00 12, 7 0, o000001f052f17548; 0 drivers
o000001f052f17578 .functor BUFZ 8, C4<zzzzzzzz>; HiZ drive
v000001f052f68d00_13 .net/s v000001f052f68d00 13, 7 0, o000001f052f17578; 0 drivers
o000001f052f175a8 .functor BUFZ 8, C4<zzzzzzzz>; HiZ drive
v000001f052f68d00_14 .net/s v000001f052f68d00 14, 7 0, o000001f052f175a8; 0 drivers
o000001f052f175d8 .functor BUFZ 8, C4<zzzzzzzz>; HiZ drive
v000001f052f68d00_15 .net/s v000001f052f68d00 15, 7 0, o000001f052f175d8; 0 drivers
v000001f052f68da0 .array/s "linebuf0", 1599 0, 7 0;
v000001f052f688a0 .array/s "linebuf1", 1599 0, 7 0;
v000001f052f692a0 .array/s "out_data", 15 0, 7 0;
v000001f052f68760_0 .var "row_cnt", 6 0;
v000001f052f69200_0 .var "row_select", 0 0;
o000001f052f17668 .functor BUFZ 1, C4<z>; HiZ drive
v000001f052f68ee0_0 .net "rstb", 0 0, o000001f052f17668;  0 drivers
o000001f052f17698 .functor BUFZ 1, C4<z>; HiZ drive
v000001f052f68a80_0 .net "valid_in", 0 0, o000001f052f17698;  0 drivers
v000001f052f69020_0 .var "valid_out", 0 0;
E_000001f052efd1b0/0 .event negedge, v000001f052f68ee0_0;
E_000001f052efd1b0/1 .event posedge, v000001f052f68800_0;
E_000001f052efd1b0 .event/or E_000001f052efd1b0/0, E_000001f052efd1b0/1;
S_000001f052f01630 .scope begin, "$unm_blk_9" "$unm_blk_9" 3 79, 3 79 0, S_000001f053056a10;
 .timescale 0 0;
v000001f053056e90_0 .var/s "a0", 7 0;
v000001f053056fe0_0 .var/s "a1", 7 0;
v000001f052f04410_0 .var/s "a2", 7 0;
v000001f052f044b0_0 .var/s "a3", 7 0;
v000001f052f04550_0 .var/s "b0", 7 0;
v000001f052f67cc0_0 .var/s "b1", 7 0;
v000001f052f67d60_0 .var/s "b2", 7 0;
v000001f052f67e00_0 .var/s "b3", 7 0;
S_000001f052f67ea0 .scope function.vec4.u8, "max4" "max4" 3 34, 3 34 0, S_000001f053056a10;
 .timescale 0 0;
v000001f052f68030_0 .var/s "a", 7 0;
v000001f052f680d0_0 .var/s "b", 7 0;
v000001f052f68170_0 .var/s "c", 7 0;
v000001f052f68210_0 .var/s "d", 7 0;
v000001f052f682b0_0 .var/s "m", 7 0;
; Variable max4 is vec4 return value of scope S_000001f052f67ea0
TD_maxpool_2x4_16ch.max4 ;
    %load/vec4 v000001f052f68030_0;
    %store/vec4 v000001f052f682b0_0, 0, 8;
    %load/vec4 v000001f052f682b0_0;
    %load/vec4 v000001f052f680d0_0;
    %cmp/s;
    %jmp/0xz  T_0.0, 5;
    %load/vec4 v000001f052f680d0_0;
    %store/vec4 v000001f052f682b0_0, 0, 8;
T_0.0 ;
    %load/vec4 v000001f052f682b0_0;
    %load/vec4 v000001f052f68170_0;
    %cmp/s;
    %jmp/0xz  T_0.2, 5;
    %load/vec4 v000001f052f68170_0;
    %store/vec4 v000001f052f682b0_0, 0, 8;
T_0.2 ;
    %load/vec4 v000001f052f682b0_0;
    %load/vec4 v000001f052f68210_0;
    %cmp/s;
    %jmp/0xz  T_0.4, 5;
    %load/vec4 v000001f052f68210_0;
    %store/vec4 v000001f052f682b0_0, 0, 8;
T_0.4 ;
    %load/vec4 v000001f052f682b0_0;
    %ret/vec4 0, 0, 8;  Assign to max4 (store_vec4_to_lval)
    %end;
    .scope S_000001f053056a10;
T_1 ;
    %wait E_000001f052efd1b0;
    %load/vec4 v000001f052f68ee0_0;
    %nor/r;
    %flag_set/vec4 8;
    %jmp/0xz  T_1.0, 8;
    %pushi/vec4 0, 0, 7;
    %assign/vec4 v000001f052f68760_0, 0;
    %pushi/vec4 0, 0, 7;
    %assign/vec4 v000001f052f68c60_0, 0;
    %pushi/vec4 0, 0, 1;
    %assign/vec4 v000001f052f69200_0, 0;
    %pushi/vec4 0, 0, 1;
    %assign/vec4 v000001f052f69020_0, 0;
    %jmp T_1.1;
T_1.0 ;
    %load/vec4 v000001f052f68a80_0;
    %flag_set/vec4 8;
    %jmp/0xz  T_1.2, 8;
    %load/vec4 v000001f052f68c60_0;
    %pad/u 32;
    %cmpi/e 99, 0, 32;
    %jmp/0xz  T_1.4, 4;
    %pushi/vec4 0, 0, 7;
    %assign/vec4 v000001f052f68c60_0, 0;
    %load/vec4 v000001f052f68760_0;
    %pad/u 32;
    %cmpi/e 99, 0, 32;
    %flag_mov 8, 4;
    %jmp/0 T_1.6, 8;
    %pushi/vec4 0, 0, 7;
    %jmp/1 T_1.7, 8;
T_1.6 ; End of true expr.
    %load/vec4 v000001f052f68760_0;
    %addi 1, 0, 7;
    %jmp/0 T_1.7, 8;
 ; End of false expr.
    %blend;
T_1.7;
    %assign/vec4 v000001f052f68760_0, 0;
    %load/vec4 v000001f052f69200_0;
    %inv;
    %assign/vec4 v000001f052f69200_0, 0;
    %jmp T_1.5;
T_1.4 ;
    %load/vec4 v000001f052f68c60_0;
    %addi 1, 0, 7;
    %assign/vec4 v000001f052f68c60_0, 0;
T_1.5 ;
    %load/vec4 v000001f052f69200_0;
    %pad/u 32;
    %cmpi/e 0, 0, 32;
    %jmp/0xz  T_1.8, 4;
    %pushi/vec4 0, 0, 32;
    %store/vec4 v000001f052f683f0_0, 0, 32;
T_1.10 ;
    %load/vec4 v000001f052f683f0_0;
    %cmpi/s 16, 0, 32;
    %jmp/0xz T_1.11, 5;
    %ix/getv/s 4, v000001f052f683f0_0;
    %load/vec4a v000001f052f68d00, 4;
    %load/vec4 v000001f052f683f0_0;
    %pad/s 39;
    %pad/s 46;
    %muli 100, 0, 46;
    %pad/s 47;
    %load/vec4 v000001f052f68c60_0;
    %pad/u 8;
    %pad/u 47;
    %add;
    %ix/vec4 3;
    %ix/load 4, 0, 0; Constant delay
    %assign/vec4/a/d v000001f052f68da0, 0, 4;
    %load/vec4 v000001f052f683f0_0;
    %addi 1, 0, 32;
    %store/vec4 v000001f052f683f0_0, 0, 32;
    %jmp T_1.10;
T_1.11 ;
    %jmp T_1.9;
T_1.8 ;
    %pushi/vec4 0, 0, 32;
    %store/vec4 v000001f052f683f0_0, 0, 32;
T_1.12 ;
    %load/vec4 v000001f052f683f0_0;
    %cmpi/s 16, 0, 32;
    %jmp/0xz T_1.13, 5;
    %ix/getv/s 4, v000001f052f683f0_0;
    %load/vec4a v000001f052f68d00, 4;
    %load/vec4 v000001f052f683f0_0;
    %pad/s 39;
    %pad/s 46;
    %muli 100, 0, 46;
    %pad/s 47;
    %load/vec4 v000001f052f68c60_0;
    %pad/u 8;
    %pad/u 47;
    %add;
    %ix/vec4 3;
    %ix/load 4, 0, 0; Constant delay
    %assign/vec4/a/d v000001f052f688a0, 0, 4;
    %load/vec4 v000001f052f683f0_0;
    %addi 1, 0, 32;
    %store/vec4 v000001f052f683f0_0, 0, 32;
    %jmp T_1.12;
T_1.13 ;
T_1.9 ;
    %load/vec4 v000001f052f68c60_0;
    %parti/s 1, 0, 2;
    %pad/u 32;
    %cmpi/e 1, 0, 32;
    %flag_get/vec4 4;
    %jmp/0 T_1.16, 4;
    %load/vec4 v000001f052f68760_0;
    %pad/u 32;
    %pushi/vec4 4, 0, 32;
    %mod;
    %pushi/vec4 3, 0, 32;
    %cmp/e;
    %flag_get/vec4 4;
    %and;
T_1.16;
    %flag_set/vec4 8;
    %jmp/0xz  T_1.14, 8;
    %pushi/vec4 1, 0, 1;
    %assign/vec4 v000001f052f69020_0, 0;
    %pushi/vec4 0, 0, 32;
    %store/vec4 v000001f052f683f0_0, 0, 32;
T_1.17 ;
    %load/vec4 v000001f052f683f0_0;
    %cmpi/s 16, 0, 32;
    %jmp/0xz T_1.18, 5;
    %fork t_1, S_000001f052f01630;
    %jmp t_0;
    .scope S_000001f052f01630;
t_1 ;
    %load/vec4 v000001f052f69200_0;
    %pad/u 32;
    %cmpi/e 0, 0, 32;
    %jmp/0xz  T_1.19, 4;
    %load/vec4 v000001f052f683f0_0;
    %pad/s 39;
    %pad/s 46;
    %muli 100, 0, 46;
    %pad/s 47;
    %load/vec4 v000001f052f68c60_0;
    %pad/u 32;
    %subi 3, 0, 32;
    %pad/u 47;
    %add;
    %ix/vec4 4;
    %load/vec4a v000001f052f68da0, 4;
    %store/vec4 v000001f053056e90_0, 0, 8;
    %load/vec4 v000001f052f683f0_0;
    %pad/s 39;
    %pad/s 46;
    %muli 100, 0, 46;
    %pad/s 47;
    %load/vec4 v000001f052f68c60_0;
    %pad/u 32;
    %subi 2, 0, 32;
    %pad/u 47;
    %add;
    %ix/vec4 4;
    %load/vec4a v000001f052f68da0, 4;
    %store/vec4 v000001f053056fe0_0, 0, 8;
    %load/vec4 v000001f052f683f0_0;
    %pad/s 39;
    %pad/s 46;
    %muli 100, 0, 46;
    %pad/s 47;
    %load/vec4 v000001f052f68c60_0;
    %pad/u 32;
    %subi 1, 0, 32;
    %pad/u 47;
    %add;
    %ix/vec4 4;
    %load/vec4a v000001f052f68da0, 4;
    %store/vec4 v000001f052f04410_0, 0, 8;
    %load/vec4 v000001f052f683f0_0;
    %pad/s 39;
    %pad/s 46;
    %muli 100, 0, 46;
    %pad/s 47;
    %load/vec4 v000001f052f68c60_0;
    %pad/u 8;
    %pad/u 47;
    %add;
    %ix/vec4 4;
    %load/vec4a v000001f052f68da0, 4;
    %store/vec4 v000001f052f044b0_0, 0, 8;
    %load/vec4 v000001f052f683f0_0;
    %pad/s 39;
    %pad/s 46;
    %muli 100, 0, 46;
    %pad/s 47;
    %load/vec4 v000001f052f68c60_0;
    %pad/u 32;
    %subi 3, 0, 32;
    %pad/u 47;
    %add;
    %ix/vec4 4;
    %load/vec4a v000001f052f688a0, 4;
    %store/vec4 v000001f052f04550_0, 0, 8;
    %load/vec4 v000001f052f683f0_0;
    %pad/s 39;
    %pad/s 46;
    %muli 100, 0, 46;
    %pad/s 47;
    %load/vec4 v000001f052f68c60_0;
    %pad/u 32;
    %subi 2, 0, 32;
    %pad/u 47;
    %add;
    %ix/vec4 4;
    %load/vec4a v000001f052f688a0, 4;
    %store/vec4 v000001f052f67cc0_0, 0, 8;
    %load/vec4 v000001f052f683f0_0;
    %pad/s 39;
    %pad/s 46;
    %muli 100, 0, 46;
    %pad/s 47;
    %load/vec4 v000001f052f68c60_0;
    %pad/u 32;
    %subi 1, 0, 32;
    %pad/u 47;
    %add;
    %ix/vec4 4;
    %load/vec4a v000001f052f688a0, 4;
    %store/vec4 v000001f052f67d60_0, 0, 8;
    %load/vec4 v000001f052f683f0_0;
    %pad/s 39;
    %pad/s 46;
    %muli 100, 0, 46;
    %pad/s 47;
    %load/vec4 v000001f052f68c60_0;
    %pad/u 8;
    %pad/u 47;
    %add;
    %ix/vec4 4;
    %load/vec4a v000001f052f688a0, 4;
    %store/vec4 v000001f052f67e00_0, 0, 8;
    %jmp T_1.20;
T_1.19 ;
    %load/vec4 v000001f052f683f0_0;
    %pad/s 39;
    %pad/s 46;
    %muli 100, 0, 46;
    %pad/s 47;
    %load/vec4 v000001f052f68c60_0;
    %pad/u 32;
    %subi 3, 0, 32;
    %pad/u 47;
    %add;
    %ix/vec4 4;
    %load/vec4a v000001f052f688a0, 4;
    %store/vec4 v000001f053056e90_0, 0, 8;
    %load/vec4 v000001f052f683f0_0;
    %pad/s 39;
    %pad/s 46;
    %muli 100, 0, 46;
    %pad/s 47;
    %load/vec4 v000001f052f68c60_0;
    %pad/u 32;
    %subi 2, 0, 32;
    %pad/u 47;
    %add;
    %ix/vec4 4;
    %load/vec4a v000001f052f688a0, 4;
    %store/vec4 v000001f053056fe0_0, 0, 8;
    %load/vec4 v000001f052f683f0_0;
    %pad/s 39;
    %pad/s 46;
    %muli 100, 0, 46;
    %pad/s 47;
    %load/vec4 v000001f052f68c60_0;
    %pad/u 32;
    %subi 1, 0, 32;
    %pad/u 47;
    %add;
    %ix/vec4 4;
    %load/vec4a v000001f052f688a0, 4;
    %store/vec4 v000001f052f04410_0, 0, 8;
    %load/vec4 v000001f052f683f0_0;
    %pad/s 39;
    %pad/s 46;
    %muli 100, 0, 46;
    %pad/s 47;
    %load/vec4 v000001f052f68c60_0;
    %pad/u 8;
    %pad/u 47;
    %add;
    %ix/vec4 4;
    %load/vec4a v000001f052f688a0, 4;
    %store/vec4 v000001f052f044b0_0, 0, 8;
    %load/vec4 v000001f052f683f0_0;
    %pad/s 39;
    %pad/s 46;
    %muli 100, 0, 46;
    %pad/s 47;
    %load/vec4 v000001f052f68c60_0;
    %pad/u 32;
    %subi 3, 0, 32;
    %pad/u 47;
    %add;
    %ix/vec4 4;
    %load/vec4a v000001f052f68da0, 4;
    %store/vec4 v000001f052f04550_0, 0, 8;
    %load/vec4 v000001f052f683f0_0;
    %pad/s 39;
    %pad/s 46;
    %muli 100, 0, 46;
    %pad/s 47;
    %load/vec4 v000001f052f68c60_0;
    %pad/u 32;
    %subi 2, 0, 32;
    %pad/u 47;
    %add;
    %ix/vec4 4;
    %load/vec4a v000001f052f68da0, 4;
    %store/vec4 v000001f052f67cc0_0, 0, 8;
    %load/vec4 v000001f052f683f0_0;
    %pad/s 39;
    %pad/s 46;
    %muli 100, 0, 46;
    %pad/s 47;
    %load/vec4 v000001f052f68c60_0;
    %pad/u 32;
    %subi 1, 0, 32;
    %pad/u 47;
    %add;
    %ix/vec4 4;
    %load/vec4a v000001f052f68da0, 4;
    %store/vec4 v000001f052f67d60_0, 0, 8;
    %load/vec4 v000001f052f683f0_0;
    %pad/s 39;
    %pad/s 46;
    %muli 100, 0, 46;
    %pad/s 47;
    %load/vec4 v000001f052f68c60_0;
    %pad/u 8;
    %pad/u 47;
    %add;
    %ix/vec4 4;
    %load/vec4a v000001f052f68da0, 4;
    %store/vec4 v000001f052f67e00_0, 0, 8;
T_1.20 ;
    %load/vec4 v000001f053056e90_0;
    %load/vec4 v000001f053056fe0_0;
    %load/vec4 v000001f052f04410_0;
    %load/vec4 v000001f052f044b0_0;
    %store/vec4 v000001f052f68210_0, 0, 8;
    %store/vec4 v000001f052f68170_0, 0, 8;
    %store/vec4 v000001f052f680d0_0, 0, 8;
    %store/vec4 v000001f052f68030_0, 0, 8;
    %callf/vec4 TD_maxpool_2x4_16ch.max4, S_000001f052f67ea0;
    %load/vec4 v000001f052f04550_0;
    %load/vec4 v000001f052f67cc0_0;
    %load/vec4 v000001f052f67d60_0;
    %load/vec4 v000001f052f67e00_0;
    %store/vec4 v000001f052f68210_0, 0, 8;
    %store/vec4 v000001f052f68170_0, 0, 8;
    %store/vec4 v000001f052f680d0_0, 0, 8;
    %store/vec4 v000001f052f68030_0, 0, 8;
    %callf/vec4 TD_maxpool_2x4_16ch.max4, S_000001f052f67ea0;
    %pushi/vec4 0, 0, 8;
    %pushi/vec4 0, 0, 8;
    %store/vec4 v000001f052f68210_0, 0, 8;
    %store/vec4 v000001f052f68170_0, 0, 8;
    %store/vec4 v000001f052f680d0_0, 0, 8;
    %store/vec4 v000001f052f68030_0, 0, 8;
    %callf/vec4 TD_maxpool_2x4_16ch.max4, S_000001f052f67ea0;
    %ix/getv/s 3, v000001f052f683f0_0;
    %ix/load 4, 0, 0; Constant delay
    %assign/vec4/a/d v000001f052f692a0, 0, 4;
    %end;
    .scope S_000001f053056a10;
t_0 %join;
    %load/vec4 v000001f052f683f0_0;
    %addi 1, 0, 32;
    %store/vec4 v000001f052f683f0_0, 0, 32;
    %jmp T_1.17;
T_1.18 ;
    %jmp T_1.15;
T_1.14 ;
    %pushi/vec4 0, 0, 1;
    %assign/vec4 v000001f052f69020_0, 0;
T_1.15 ;
    %jmp T_1.3;
T_1.2 ;
    %pushi/vec4 0, 0, 1;
    %assign/vec4 v000001f052f69020_0, 0;
T_1.3 ;
T_1.1 ;
    %jmp T_1;
    .thread T_1;
# The file index is used to find the file name in the following table.
:file_names 4;
    "N/A";
    "<interactive>";
    "-";
    "relu.v";
