 
****************************************
Report : design
Design : mac_pipeline_superscalar
Version: Q-2019.12-SP5-5
Date   : Sun Jun 15 18:58:02 2025
****************************************

Design allows ideal nets on clock nets.

Library(s) Used:

    saed32lvt_ss0p75v125c (File: /home/ScalableArchiLab/SAED32_EDK/lib/stdcell_lvt/db_ccs/saed32lvt_ss0p75v125c.db)

Local Link Library:

    {/home/ScalableArchiLab/SAED32_EDK/lib/stdcell_lvt/db_ccs/saed32lvt_ss0p75v125c.db}

Flip-Flop Types:

    No flip-flop types specified.

Latch Types:

    No latch types specified.

Operating Conditions:


    Operating Condition Name : ss0p75v125c
    Library : saed32lvt_ss0p75v125c
    Process :   0.99
    Temperature : 125.00
    Voltage :   0.75
    Interconnect Model : worst_case_tree

Wire Loading Model:

    Selected automatically from the total cell area.

Name           :   8000
Location       :   saed32lvt_ss0p75v125c
Resistance     :   0.00173
Capacitance    :   0.000343
Area           :   0.01
Slope          :   90.6464
Fanout   Length   Points Average Cap Std Deviation
--------------------------------------------------------------
     1    13.94
     2    31.80
     3    51.61
     4    73.61
     5    98.05
     6   125.17
     7   155.23
     8   188.46
     9   225.12
    10   265.45
    11   309.71
    12   358.13
    13   410.96
    14   468.46
    15   530.86
    16   598.42
    17   671.38
    18   749.98
    19   834.49
    20   925.13



Wire Loading Model Mode: enclosed.

Timing Ranges:

    No timing ranges specified.

Pin Input Delays:

    None specified.

Pin Output Delays:

    None specified.

Disabled Timing Arcs:

    No arcs disabled.

Required Licenses:

    DesignWare

Design Parameters:

    None specified.
1
