 
****************************************
Report : qor
Design : mac_pipeline_superscalar
Version: Q-2019.12-SP5-5
Date   : Sun Jun 15 18:58:02 2025
****************************************


  Timing Path Group 'clk'
  -----------------------------------
  Levels of Logic:               4.00
  Critical Path Length:          1.90
  Critical Path Slack:           0.05
  Critical Path Clk Period:      5.00
  Total Negative Slack:          0.00
  No. of Violating Paths:        0.00
  Worst Hold Violation:          0.00
  Total Hold Violation:          0.00
  No. of Hold Violations:        0.00
  -----------------------------------


  Cell Count
  -----------------------------------
  Hierarchical Cell Count:          0
  Hierarchical Port Count:          0
  Leaf Cell Count:               2256
  Buf/Inv Cell Count:             179
  Buf Cell Count:                  10
  Inv Cell Count:                 169
  CT Buf/Inv Cell Count:            0
  Combinational Cell Count:      1652
  Sequential Cell Count:          604
  Macro Count:                      0
  -----------------------------------


  Area
  -----------------------------------
  Combinational Area:     4375.851357
  Noncombinational Area:  3078.192141
  Buf/Inv Area:            235.083202
  Total Buffer Area:            20.33
  Total Inverter Area:         214.75
  Macro/Black Box Area:      0.000000
  Net Area:               2247.961756
  -----------------------------------
  Cell Area:              7454.043498
  Design Area:            9702.005254


  Design Rules
  -----------------------------------
  Total Number of Nets:          2545
  Nets With Violations:             0
  Max Trans Violations:             0
  Max Cap Violations:               0
  -----------------------------------


  Hostname: taurus

  Compile CPU Statistics
  -----------------------------------------
  Resource Sharing:                    0.67
  Logic Optimization:                  1.34
  Mapping Optimization:                2.47
  -----------------------------------------
  Overall Compile Time:               14.02
  Overall Compile Wall Clock Time:    14.30

  --------------------------------------------------------------------

  Design  WNS: 0.00  TNS: 0.00  Number of Violating Paths: 0


  Design (Hold)  WNS: 0.00  TNS: 0.00  Number of Violating Paths: 0

  --------------------------------------------------------------------


1
