 
****************************************
Report : timing
        -path full
        -delay max
        -nworst 10
        -max_paths 10
Design : mac_pipeline_superscalar
Version: Q-2019.12-SP5-5
Date   : Sun Jun 15 18:58:02 2025
****************************************

Operating Conditions: ss0p75v125c   Library: saed32lvt_ss0p75v125c
Wire Load Model Mode: enclosed

  Startpoint: cnt_reg[3] (rising edge-triggered flip-flop clocked by clk)
  Endpoint: pe_done (output port clocked by clk)
  Path Group: clk
  Path Type: max

  Des/Clust/Port     Wire Load Model       Library
  ------------------------------------------------
  mac_pipeline_superscalar
                     8000                  saed32lvt_ss0p75v125c

  Point                                    Incr       Path
  -----------------------------------------------------------
  clock clk (rise edge)                    0.00       0.00
  clock network delay (ideal)              0.00       0.00
  cnt_reg[3]/CLK (DFFARX1_LVT)             0.00       0.00 r
  cnt_reg[3]/Q (DFFARX1_LVT)               0.24       0.24 r
  U944/Y (NBUFFX2_LVT)                     0.13       0.37 r
  U945/Y (NAND3X0_LVT)                     1.26       1.63 f
  U955/Y (INVX0_LVT)                       0.12       1.75 r
  U956/Y (AND2X1_LVT)                      0.13       1.87 r
  pe_done (out)                            0.03       1.90 r
  data arrival time                                   1.90

  clock clk (rise edge)                    5.00       5.00
  clock network delay (ideal)              0.00       5.00
  clock uncertainty                       -1.75       3.25
  output external delay                   -1.30       1.95
  data required time                                  1.95
  -----------------------------------------------------------
  data required time                                  1.95
  data arrival time                                  -1.90
  -----------------------------------------------------------
  slack (MET)                                         0.05


  Startpoint: cnt_reg[3] (rising edge-triggered flip-flop clocked by clk)
  Endpoint: pe_done (output port clocked by clk)
  Path Group: clk
  Path Type: max

  Des/Clust/Port     Wire Load Model       Library
  ------------------------------------------------
  mac_pipeline_superscalar
                     8000                  saed32lvt_ss0p75v125c

  Point                                    Incr       Path
  -----------------------------------------------------------
  clock clk (rise edge)                    0.00       0.00
  clock network delay (ideal)              0.00       0.00
  cnt_reg[3]/CLK (DFFARX1_LVT)             0.00       0.00 r
  cnt_reg[3]/Q (DFFARX1_LVT)               0.22       0.22 f
  U944/Y (NBUFFX2_LVT)                     0.13       0.35 f
  U945/Y (NAND3X0_LVT)                     1.18       1.52 r
  U955/Y (INVX0_LVT)                       0.10       1.62 f
  U956/Y (AND2X1_LVT)                      0.13       1.75 f
  pe_done (out)                            0.03       1.78 f
  data arrival time                                   1.78

  clock clk (rise edge)                    5.00       5.00
  clock network delay (ideal)              0.00       5.00
  clock uncertainty                       -1.75       3.25
  output external delay                   -1.30       1.95
  data required time                                  1.95
  -----------------------------------------------------------
  data required time                                  1.95
  data arrival time                                  -1.78
  -----------------------------------------------------------
  slack (MET)                                         0.17


  Startpoint: pe_en (input port clocked by clk)
  Endpoint: pe_done (output port clocked by clk)
  Path Group: clk
  Path Type: max

  Des/Clust/Port     Wire Load Model       Library
  ------------------------------------------------
  mac_pipeline_superscalar
                     8000                  saed32lvt_ss0p75v125c

  Point                                    Incr       Path
  -----------------------------------------------------------
  clock clk (rise edge)                    0.00       0.00
  clock network delay (ideal)              0.00       0.00
  input external delay                     1.30       1.30 r
  pe_en (in)                               0.00       1.30 r
  U956/Y (AND2X1_LVT)                      0.19       1.49 r
  pe_done (out)                            0.03       1.52 r
  data arrival time                                   1.52

  clock clk (rise edge)                    5.00       5.00
  clock network delay (ideal)              0.00       5.00
  clock uncertainty                       -1.75       3.25
  output external delay                   -1.30       1.95
  data required time                                  1.95
  -----------------------------------------------------------
  data required time                                  1.95
  data arrival time                                  -1.52
  -----------------------------------------------------------
  slack (MET)                                         0.43


  Startpoint: pe_en (input port clocked by clk)
  Endpoint: pe_done (output port clocked by clk)
  Path Group: clk
  Path Type: max

  Des/Clust/Port     Wire Load Model       Library
  ------------------------------------------------
  mac_pipeline_superscalar
                     8000                  saed32lvt_ss0p75v125c

  Point                                    Incr       Path
  -----------------------------------------------------------
  clock clk (rise edge)                    0.00       0.00
  clock network delay (ideal)              0.00       0.00
  input external delay                     1.30       1.30 f
  pe_en (in)                               0.00       1.30 f
  U956/Y (AND2X1_LVT)                      0.18       1.48 f
  pe_done (out)                            0.03       1.51 f
  data arrival time                                   1.51

  clock clk (rise edge)                    5.00       5.00
  clock network delay (ideal)              0.00       5.00
  clock uncertainty                       -1.75       3.25
  output external delay                   -1.30       1.95
  data required time                                  1.95
  -----------------------------------------------------------
  data required time                                  1.95
  data arrival time                                  -1.51
  -----------------------------------------------------------
  slack (MET)                                         0.44


  Startpoint: cnt_reg[3] (rising edge-triggered flip-flop clocked by clk)
  Endpoint: cnt_reg[3] (rising edge-triggered flip-flop clocked by clk)
  Path Group: clk
  Path Type: max

  Des/Clust/Port     Wire Load Model       Library
  ------------------------------------------------
  mac_pipeline_superscalar
                     8000                  saed32lvt_ss0p75v125c

  Point                                    Incr       Path
  -----------------------------------------------------------
  clock clk (rise edge)                    0.00       0.00
  clock network delay (ideal)              0.00       0.00
  cnt_reg[3]/CLK (DFFARX1_LVT)             0.00       0.00 r
  cnt_reg[3]/Q (DFFARX1_LVT)               0.24       0.24 r
  U944/Y (NBUFFX2_LVT)                     0.13       0.37 r
  U945/Y (NAND3X0_LVT)                     1.26       1.63 f
  U946/Y (NBUFFX2_LVT)                     0.14       1.77 f
  U950/Y (NAND3X0_LVT)                     0.19       1.96 r
  U951/Y (OAI22X1_LVT)                     0.26       2.22 f
  U886/Y (AO21X1_LVT)                      0.20       2.42 f
  U954/Y (AO22X1_LVT)                      0.12       2.54 f
  cnt_reg[3]/D (DFFARX1_LVT)               0.01       2.55 f
  data arrival time                                   2.55

  clock clk (rise edge)                    5.00       5.00
  clock network delay (ideal)              0.00       5.00
  clock uncertainty                       -1.75       3.25
  cnt_reg[3]/CLK (DFFARX1_LVT)             0.00       3.25 r
  library setup time                      -0.08       3.17
  data required time                                  3.17
  -----------------------------------------------------------
  data required time                                  3.17
  data arrival time                                  -2.55
  -----------------------------------------------------------
  slack (MET)                                         0.62


  Startpoint: cnt_reg[3] (rising edge-triggered flip-flop clocked by clk)
  Endpoint: cnt_reg[2] (rising edge-triggered flip-flop clocked by clk)
  Path Group: clk
  Path Type: max

  Des/Clust/Port     Wire Load Model       Library
  ------------------------------------------------
  mac_pipeline_superscalar
                     8000                  saed32lvt_ss0p75v125c

  Point                                    Incr       Path
  -----------------------------------------------------------
  clock clk (rise edge)                    0.00       0.00
  clock network delay (ideal)              0.00       0.00
  cnt_reg[3]/CLK (DFFARX1_LVT)             0.00       0.00 r
  cnt_reg[3]/Q (DFFARX1_LVT)               0.24       0.24 r
  U944/Y (NBUFFX2_LVT)                     0.13       0.37 r
  U945/Y (NAND3X0_LVT)                     1.26       1.63 f
  U946/Y (NBUFFX2_LVT)                     0.14       1.77 f
  U950/Y (NAND3X0_LVT)                     0.19       1.96 r
  U951/Y (OAI22X1_LVT)                     0.26       2.22 f
  U1898/Y (INVX0_LVT)                      0.17       2.39 r
  U1900/Y (OAI22X1_LVT)                    0.12       2.50 f
  cnt_reg[2]/D (DFFARX1_LVT)               0.01       2.52 f
  data arrival time                                   2.52

  clock clk (rise edge)                    5.00       5.00
  clock network delay (ideal)              0.00       5.00
  clock uncertainty                       -1.75       3.25
  cnt_reg[2]/CLK (DFFARX1_LVT)             0.00       3.25 r
  library setup time                      -0.08       3.17
  data required time                                  3.17
  -----------------------------------------------------------
  data required time                                  3.17
  data arrival time                                  -2.52
  -----------------------------------------------------------
  slack (MET)                                         0.65


  Startpoint: cnt_reg[3] (rising edge-triggered flip-flop clocked by clk)
  Endpoint: cnt_reg[1] (rising edge-triggered flip-flop clocked by clk)
  Path Group: clk
  Path Type: max

  Des/Clust/Port     Wire Load Model       Library
  ------------------------------------------------
  mac_pipeline_superscalar
                     8000                  saed32lvt_ss0p75v125c

  Point                                    Incr       Path
  -----------------------------------------------------------
  clock clk (rise edge)                    0.00       0.00
  clock network delay (ideal)              0.00       0.00
  cnt_reg[3]/CLK (DFFARX1_LVT)             0.00       0.00 r
  cnt_reg[3]/Q (DFFARX1_LVT)               0.24       0.24 r
  U944/Y (NBUFFX2_LVT)                     0.13       0.37 r
  U945/Y (NAND3X0_LVT)                     1.26       1.63 f
  U946/Y (NBUFFX2_LVT)                     0.14       1.77 f
  U950/Y (NAND3X0_LVT)                     0.19       1.96 r
  U951/Y (OAI22X1_LVT)                     0.26       2.22 f
  U2325/Y (OA222X1_LVT)                    0.24       2.46 f
  cnt_reg[1]/D (DFFARX1_LVT)               0.01       2.47 f
  data arrival time                                   2.47

  clock clk (rise edge)                    5.00       5.00
  clock network delay (ideal)              0.00       5.00
  clock uncertainty                       -1.75       3.25
  cnt_reg[1]/CLK (DFFARX1_LVT)             0.00       3.25 r
  library setup time                      -0.10       3.15
  data required time                                  3.15
  -----------------------------------------------------------
  data required time                                  3.15
  data arrival time                                  -2.47
  -----------------------------------------------------------
  slack (MET)                                         0.67


  Startpoint: cnt_reg[3] (rising edge-triggered flip-flop clocked by clk)
  Endpoint: cnt_reg[3] (rising edge-triggered flip-flop clocked by clk)
  Path Group: clk
  Path Type: max

  Des/Clust/Port     Wire Load Model       Library
  ------------------------------------------------
  mac_pipeline_superscalar
                     8000                  saed32lvt_ss0p75v125c

  Point                                    Incr       Path
  -----------------------------------------------------------
  clock clk (rise edge)                    0.00       0.00
  clock network delay (ideal)              0.00       0.00
  cnt_reg[3]/CLK (DFFARX1_LVT)             0.00       0.00 r
  cnt_reg[3]/Q (DFFARX1_LVT)               0.22       0.22 f
  U944/Y (NBUFFX2_LVT)                     0.13       0.35 f
  U945/Y (NAND3X0_LVT)                     1.18       1.52 r
  U946/Y (NBUFFX2_LVT)                     0.13       1.66 r
  U950/Y (NAND3X0_LVT)                     0.21       1.86 f
  U951/Y (OAI22X1_LVT)                     0.28       2.14 r
  U886/Y (AO21X1_LVT)                      0.20       2.34 r
  U954/Y (AO22X1_LVT)                      0.12       2.46 r
  cnt_reg[3]/D (DFFARX1_LVT)               0.01       2.47 r
  data arrival time                                   2.47

  clock clk (rise edge)                    5.00       5.00
  clock network delay (ideal)              0.00       5.00
  clock uncertainty                       -1.75       3.25
  cnt_reg[3]/CLK (DFFARX1_LVT)             0.00       3.25 r
  library setup time                      -0.09       3.16
  data required time                                  3.16
  -----------------------------------------------------------
  data required time                                  3.16
  data arrival time                                  -2.47
  -----------------------------------------------------------
  slack (MET)                                         0.69


  Startpoint: cnt_reg[3] (rising edge-triggered flip-flop clocked by clk)
  Endpoint: cnt_reg[2] (rising edge-triggered flip-flop clocked by clk)
  Path Group: clk
  Path Type: max

  Des/Clust/Port     Wire Load Model       Library
  ------------------------------------------------
  mac_pipeline_superscalar
                     8000                  saed32lvt_ss0p75v125c

  Point                                    Incr       Path
  -----------------------------------------------------------
  clock clk (rise edge)                    0.00       0.00
  clock network delay (ideal)              0.00       0.00
  cnt_reg[3]/CLK (DFFARX1_LVT)             0.00       0.00 r
  cnt_reg[3]/Q (DFFARX1_LVT)               0.22       0.22 f
  U944/Y (NBUFFX2_LVT)                     0.13       0.35 f
  U945/Y (NAND3X0_LVT)                     1.18       1.52 r
  U946/Y (NBUFFX2_LVT)                     0.13       1.66 r
  U950/Y (NAND3X0_LVT)                     0.21       1.86 f
  U951/Y (OAI22X1_LVT)                     0.28       2.14 r
  U1898/Y (INVX0_LVT)                      0.16       2.31 f
  U1900/Y (OAI22X1_LVT)                    0.14       2.45 r
  cnt_reg[2]/D (DFFARX1_LVT)               0.01       2.46 r
  data arrival time                                   2.46

  clock clk (rise edge)                    5.00       5.00
  clock network delay (ideal)              0.00       5.00
  clock uncertainty                       -1.75       3.25
  cnt_reg[2]/CLK (DFFARX1_LVT)             0.00       3.25 r
  library setup time                      -0.08       3.17
  data required time                                  3.17
  -----------------------------------------------------------
  data required time                                  3.17
  data arrival time                                  -2.46
  -----------------------------------------------------------
  slack (MET)                                         0.71


  Startpoint: pe_en (input port clocked by clk)
  Endpoint: cnt_reg[3] (rising edge-triggered flip-flop clocked by clk)
  Path Group: clk
  Path Type: max

  Des/Clust/Port     Wire Load Model       Library
  ------------------------------------------------
  mac_pipeline_superscalar
                     8000                  saed32lvt_ss0p75v125c

  Point                                    Incr       Path
  -----------------------------------------------------------
  clock clk (rise edge)                    0.00       0.00
  clock network delay (ideal)              0.00       0.00
  input external delay                     1.30       1.30 r
  pe_en (in)                               0.00       1.30 r
  U948/Y (NBUFFX2_LVT)                     0.19       1.49 r
  U950/Y (NAND3X0_LVT)                     0.34       1.83 f
  U951/Y (OAI22X1_LVT)                     0.28       2.11 r
  U886/Y (AO21X1_LVT)                      0.20       2.31 r
  U954/Y (AO22X1_LVT)                      0.12       2.43 r
  cnt_reg[3]/D (DFFARX1_LVT)               0.01       2.44 r
  data arrival time                                   2.44

  clock clk (rise edge)                    5.00       5.00
  clock network delay (ideal)              0.00       5.00
  clock uncertainty                       -1.75       3.25
  cnt_reg[3]/CLK (DFFARX1_LVT)             0.00       3.25 r
  library setup time                      -0.09       3.16
  data required time                                  3.16
  -----------------------------------------------------------
  data required time                                  3.16
  data arrival time                                  -2.44
  -----------------------------------------------------------
  slack (MET)                                         0.72


1
