
==========================================================================
floorplan final check_setup
--------------------------------------------------------------------------
1

==========================================================================
floorplan final report_tns
--------------------------------------------------------------------------
tns -3.42

==========================================================================
floorplan final report_wns
--------------------------------------------------------------------------
wns -0.49

==========================================================================
floorplan final report_worst_slack
--------------------------------------------------------------------------
worst slack -0.49

==========================================================================
floorplan final report_checks -path_delay min
--------------------------------------------------------------------------
Startpoint: rst_n (input port clocked by core_clock)
Endpoint: done$_DFF_PN0_ (removal check against rising-edge clock core_clock)
Path Group: asynchronous
Path Type: min

Fanout     Cap    Slew   Delay    Time   Description
-----------------------------------------------------------------------------
                  0.00    0.00    0.00   clock core_clock (rise edge)
                          0.00    0.00   clock network delay (ideal)
                          0.09    0.09 ^ input external delay
    11   19.56    0.00    0.00    0.09 ^ rst_n (in)
                                         rst_n (net)
                  0.00    0.00    0.09 ^ done$_DFF_PN0_/RN (DFFR_X1)
                                  0.09   data arrival time

                  0.00    0.00    0.00   clock core_clock (rise edge)
                          0.00    0.00   clock network delay (ideal)
                          0.00    0.00   clock reconvergence pessimism
                                  0.00 ^ done$_DFF_PN0_/CK (DFFR_X1)
                          0.18    0.18   library removal time
                                  0.18   data required time
-----------------------------------------------------------------------------
                                  0.18   data required time
                                 -0.09   data arrival time
-----------------------------------------------------------------------------
                                 -0.09   slack (VIOLATED)


Startpoint: out_act[7]$_DFFE_PN0P_
            (rising edge-triggered flip-flop clocked by core_clock)
Endpoint: out_act[7]$_DFFE_PN0P_
          (rising edge-triggered flip-flop clocked by core_clock)
Path Group: core_clock
Path Type: min

Fanout     Cap    Slew   Delay    Time   Description
-----------------------------------------------------------------------------
                  0.00    0.00    0.00   clock core_clock (rise edge)
                          0.00    0.00   clock network delay (ideal)
                  0.00    0.00    0.00 ^ out_act[7]$_DFFE_PN0P_/CK (DFFR_X1)
     2    1.50    0.01    0.08    0.08 v out_act[7]$_DFFE_PN0P_/Q (DFFR_X1)
                                         out_act[7] (net)
                  0.01    0.00    0.08 v _3491_/A2 (NAND2_X1)
     1    1.70    0.01    0.02    0.10 ^ _3491_/ZN (NAND2_X1)
                                         _2796_ (net)
                  0.01    0.00    0.10 ^ _3492_/A (INV_X1)
     1    1.05    0.00    0.01    0.11 v _3492_/ZN (INV_X1)
                                         _0007_ (net)
                  0.00    0.00    0.11 v out_act[7]$_DFFE_PN0P_/D (DFFR_X1)
                                  0.11   data arrival time

                  0.00    0.00    0.00   clock core_clock (rise edge)
                          0.00    0.00   clock network delay (ideal)
                          0.00    0.00   clock reconvergence pessimism
                                  0.00 ^ out_act[7]$_DFFE_PN0P_/CK (DFFR_X1)
                          0.00    0.00   library hold time
                                  0.00   data required time
-----------------------------------------------------------------------------
                                  0.00   data required time
                                 -0.11   data arrival time
-----------------------------------------------------------------------------
                                  0.10   slack (MET)



==========================================================================
floorplan final report_checks -path_delay max
--------------------------------------------------------------------------
Startpoint: rst_n (input port clocked by core_clock)
Endpoint: done$_DFF_PN0_ (recovery check against rising-edge clock core_clock)
Path Group: asynchronous
Path Type: max

Fanout     Cap    Slew   Delay    Time   Description
-----------------------------------------------------------------------------
                  0.00    0.00    0.00   clock core_clock (rise edge)
                          0.00    0.00   clock network delay (ideal)
                          0.09    0.09 ^ input external delay
    11   19.56    0.00    0.00    0.09 ^ rst_n (in)
                                         rst_n (net)
                  0.00    0.00    0.09 ^ done$_DFF_PN0_/RN (DFFR_X1)
                                  0.09   data arrival time

                  0.00    0.46    0.46   clock core_clock (rise edge)
                          0.00    0.46   clock network delay (ideal)
                          0.00    0.46   clock reconvergence pessimism
                                  0.46 ^ done$_DFF_PN0_/CK (DFFR_X1)
                          0.05    0.51   library recovery time
                                  0.51   data required time
-----------------------------------------------------------------------------
                                  0.51   data required time
                                 -0.09   data arrival time
-----------------------------------------------------------------------------
                                  0.42   slack (MET)


Startpoint: weight_in[7] (input port clocked by core_clock)
Endpoint: out_act[0]$_DFFE_PN0P_
          (rising edge-triggered flip-flop clocked by core_clock)
Path Group: core_clock
Path Type: max

Fanout     Cap    Slew   Delay    Time   Description
-----------------------------------------------------------------------------
                  0.00    0.00    0.00   clock core_clock (rise edge)
                          0.00    0.00   clock network delay (ideal)
                          0.09    0.09 v input external delay
     3    5.97    0.00    0.00    0.09 v weight_in[7] (in)
                                         weight_in[7] (net)
                  0.00    0.00    0.09 v _3664_/A (INV_X2)
     8   14.91    0.02    0.02    0.11 ^ _3664_/ZN (INV_X2)
                                         _1876_ (net)
                  0.02    0.00    0.11 ^ _4435_/A1 (NAND2_X2)
     4    7.60    0.01    0.02    0.14 v _4435_/ZN (NAND2_X2)
                                         _0052_ (net)
                  0.01    0.00    0.14 v _4436_/A (INV_X1)
     1    3.10    0.01    0.02    0.15 ^ _4436_/ZN (INV_X1)
                                         _0053_ (net)
                  0.01    0.00    0.15 ^ _4437_/B1 (OAI21_X2)
     2    8.08    0.01    0.02    0.17 v _4437_/ZN (OAI21_X2)
                                         _0054_ (net)
                  0.01    0.00    0.17 v _4452_/A (INV_X1)
     1    6.20    0.02    0.03    0.20 ^ _4452_/ZN (INV_X1)
                                         _0070_ (net)
                  0.02    0.00    0.20 ^ _4453_/A2 (NAND2_X4)
     3   10.50    0.01    0.02    0.22 v _4453_/ZN (NAND2_X4)
                                         _0071_ (net)
                  0.01    0.00    0.22 v _4736_/A1 (NAND2_X2)
     1    5.95    0.01    0.02    0.23 ^ _4736_/ZN (NAND2_X2)
                                         _0383_ (net)
                  0.01    0.00    0.23 ^ _4737_/A1 (NAND2_X4)
     2    9.09    0.01    0.01    0.25 v _4737_/ZN (NAND2_X4)
                                         _0384_ (net)
                  0.01    0.00    0.25 v _4781_/A1 (NAND2_X2)
     1    5.95    0.01    0.02    0.27 ^ _4781_/ZN (NAND2_X2)
                                         _0432_ (net)
                  0.01    0.00    0.27 ^ _4783_/A1 (NAND2_X4)
     3   11.49    0.01    0.02    0.28 v _4783_/ZN (NAND2_X4)
                                         _0434_ (net)
                  0.01    0.00    0.28 v _5122_/A1 (NAND2_X2)
     1    3.05    0.01    0.01    0.30 ^ _5122_/ZN (NAND2_X2)
                                         _0807_ (net)
                  0.01    0.00    0.30 ^ _5123_/A1 (NAND2_X2)
     3    6.11    0.01    0.02    0.31 v _5123_/ZN (NAND2_X2)
                                         _0808_ (net)
                  0.01    0.00    0.31 v _5165_/A1 (NAND2_X1)
     2    4.65    0.02    0.02    0.34 ^ _5165_/ZN (NAND2_X1)
                                         _0855_ (net)
                  0.02    0.00    0.34 ^ _5167_/A1 (NAND2_X2)
     2   12.19    0.01    0.02    0.36 v _5167_/ZN (NAND2_X2)
                                         _0857_ (net)
                  0.01    0.00    0.36 v _5168_/B2 (AOI21_X4)
     2    5.15    0.02    0.03    0.39 ^ _5168_/ZN (AOI21_X4)
                                         _0858_ (net)
                  0.02    0.00    0.39 ^ _5169_/A (INV_X1)
     1    5.70    0.01    0.02    0.41 v _5169_/ZN (INV_X1)
                                         _0859_ (net)
                  0.01    0.00    0.41 v _5177_/A1 (NAND2_X4)
     5   10.99    0.01    0.02    0.43 ^ _5177_/ZN (NAND2_X4)
                                         _0868_ (net)
                  0.01    0.00    0.43 ^ _5390_/A1 (NAND2_X2)
     2    3.06    0.01    0.01    0.44 v _5390_/ZN (NAND2_X2)
                                         _1102_ (net)
                  0.01    0.00    0.44 v _5391_/A1 (NAND2_X1)
     1    1.60    0.01    0.01    0.45 ^ _5391_/ZN (NAND2_X1)
                                         _1103_ (net)
                  0.01    0.00    0.45 ^ _5396_/A1 (NAND2_X1)
     1    5.70    0.01    0.02    0.47 v _5396_/ZN (NAND2_X1)
                                         _1109_ (net)
                  0.01    0.00    0.47 v _5548_/A1 (NAND2_X4)
     4    9.48    0.01    0.02    0.49 ^ _5548_/ZN (NAND2_X4)
                                         _1276_ (net)
                  0.01    0.00    0.49 ^ _5549_/A (INV_X2)
     1    5.77    0.01    0.01    0.50 v _5549_/ZN (INV_X2)
                                         _1277_ (net)
                  0.01    0.00    0.50 v _5664_/A (AOI21_X4)
     3   11.10    0.03    0.04    0.55 ^ _5664_/ZN (AOI21_X4)
                                         _1404_ (net)
                  0.03    0.00    0.55 ^ _5665_/A (INV_X2)
     1    5.62    0.01    0.01    0.56 v _5665_/ZN (INV_X2)
                                         _1405_ (net)
                  0.01    0.00    0.56 v _5666_/A2 (NAND2_X4)
     4    9.29    0.01    0.02    0.58 ^ _5666_/ZN (NAND2_X4)
                                         _1406_ (net)
                  0.01    0.00    0.58 ^ _5705_/A1 (NAND2_X2)
     2    3.06    0.01    0.01    0.59 v _5705_/ZN (NAND2_X2)
                                         _1449_ (net)
                  0.01    0.00    0.59 v _5706_/A1 (NAND2_X1)
     1    3.05    0.01    0.02    0.61 ^ _5706_/ZN (NAND2_X1)
                                         _1450_ (net)
                  0.01    0.00    0.61 ^ _5709_/A1 (NAND2_X2)
     2    8.40    0.01    0.02    0.63 v _5709_/ZN (NAND2_X2)
                                         _1453_ (net)
                  0.01    0.00    0.63 v _5975_/A1 (NOR2_X2)
     1    3.10    0.02    0.02    0.65 ^ _5975_/ZN (NOR2_X2)
                                         _1746_ (net)
                  0.02    0.00    0.65 ^ _5979_/B1 (OAI21_X2)
     2    4.48    0.01    0.02    0.67 v _5979_/ZN (OAI21_X2)
                                         _1750_ (net)
                  0.01    0.00    0.67 v _5985_/A (INV_X1)
     2    5.10    0.01    0.02    0.69 ^ _5985_/ZN (INV_X1)
                                         _1757_ (net)
                  0.01    0.00    0.69 ^ _5986_/A2 (NAND2_X2)
     2    4.65    0.01    0.02    0.70 v _5986_/ZN (NAND2_X2)
                                         _1758_ (net)
                  0.01    0.00    0.70 v _5987_/A2 (NAND2_X2)
     3    9.53    0.02    0.02    0.73 ^ _5987_/ZN (NAND2_X2)
                                         _1759_ (net)
                  0.02    0.00    0.73 ^ _5988_/A (INV_X4)
     3    6.17    0.01    0.01    0.74 v _5988_/ZN (INV_X4)
                                         _1760_ (net)
                  0.01    0.00    0.74 v _5989_/A2 (NAND2_X2)
     1    6.77    0.01    0.02    0.76 ^ _5989_/ZN (NAND2_X2)
                                         _1761_ (net)
                  0.01    0.00    0.76 ^ _6409_/A1 (NOR2_X4)
     1    2.93    0.01    0.01    0.76 v _6409_/ZN (NOR2_X4)
                                         _2223_ (net)
                  0.01    0.00    0.76 v _6773_/A1 (NAND2_X2)
     2    4.64    0.01    0.01    0.78 ^ _6773_/ZN (NAND2_X2)
                                         _2623_ (net)
                  0.01    0.00    0.78 ^ _6784_/A1 (NAND2_X2)
     2    4.26    0.01    0.01    0.79 v _6784_/ZN (NAND2_X2)
                                         _2636_ (net)
                  0.01    0.00    0.79 v _6791_/B1 (AOI21_X2)
     1    4.00    0.02    0.03    0.82 ^ _6791_/ZN (AOI21_X2)
                                         _2643_ (net)
                  0.02    0.00    0.82 ^ _6851_/A (XNOR2_X2)
     7   11.24    0.04    0.05    0.87 ^ _6851_/ZN (XNOR2_X2)
                                         _2709_ (net)
                  0.04    0.00    0.87 ^ _6863_/A1 (NAND2_X1)
     1    2.70    0.01    0.02    0.89 v _6863_/ZN (NAND2_X1)
                                         _2722_ (net)
                  0.01    0.00    0.89 v _6864_/B1 (OAI21_X2)
     1    1.13    0.01    0.02    0.92 ^ _6864_/ZN (OAI21_X2)
                                         _0000_ (net)
                  0.01    0.00    0.92 ^ out_act[0]$_DFFE_PN0P_/D (DFFR_X1)
                                  0.92   data arrival time

                  0.00    0.46    0.46   clock core_clock (rise edge)
                          0.00    0.46   clock network delay (ideal)
                          0.00    0.46   clock reconvergence pessimism
                                  0.46 ^ out_act[0]$_DFFE_PN0P_/CK (DFFR_X1)
                         -0.03    0.43   library setup time
                                  0.43   data required time
-----------------------------------------------------------------------------
                                  0.43   data required time
                                 -0.92   data arrival time
-----------------------------------------------------------------------------
                                 -0.49   slack (VIOLATED)



==========================================================================
floorplan final report_checks -unconstrained
--------------------------------------------------------------------------
Startpoint: rst_n (input port clocked by core_clock)
Endpoint: done$_DFF_PN0_ (recovery check against rising-edge clock core_clock)
Path Group: asynchronous
Path Type: max

Fanout     Cap    Slew   Delay    Time   Description
-----------------------------------------------------------------------------
                  0.00    0.00    0.00   clock core_clock (rise edge)
                          0.00    0.00   clock network delay (ideal)
                          0.09    0.09 ^ input external delay
    11   19.56    0.00    0.00    0.09 ^ rst_n (in)
                                         rst_n (net)
                  0.00    0.00    0.09 ^ done$_DFF_PN0_/RN (DFFR_X1)
                                  0.09   data arrival time

                  0.00    0.46    0.46   clock core_clock (rise edge)
                          0.00    0.46   clock network delay (ideal)
                          0.00    0.46   clock reconvergence pessimism
                                  0.46 ^ done$_DFF_PN0_/CK (DFFR_X1)
                          0.05    0.51   library recovery time
                                  0.51   data required time
-----------------------------------------------------------------------------
                                  0.51   data required time
                                 -0.09   data arrival time
-----------------------------------------------------------------------------
                                  0.42   slack (MET)


Startpoint: weight_in[7] (input port clocked by core_clock)
Endpoint: out_act[0]$_DFFE_PN0P_
          (rising edge-triggered flip-flop clocked by core_clock)
Path Group: core_clock
Path Type: max

Fanout     Cap    Slew   Delay    Time   Description
-----------------------------------------------------------------------------
                  0.00    0.00    0.00   clock core_clock (rise edge)
                          0.00    0.00   clock network delay (ideal)
                          0.09    0.09 v input external delay
     3    5.97    0.00    0.00    0.09 v weight_in[7] (in)
                                         weight_in[7] (net)
                  0.00    0.00    0.09 v _3664_/A (INV_X2)
     8   14.91    0.02    0.02    0.11 ^ _3664_/ZN (INV_X2)
                                         _1876_ (net)
                  0.02    0.00    0.11 ^ _4435_/A1 (NAND2_X2)
     4    7.60    0.01    0.02    0.14 v _4435_/ZN (NAND2_X2)
                                         _0052_ (net)
                  0.01    0.00    0.14 v _4436_/A (INV_X1)
     1    3.10    0.01    0.02    0.15 ^ _4436_/ZN (INV_X1)
                                         _0053_ (net)
                  0.01    0.00    0.15 ^ _4437_/B1 (OAI21_X2)
     2    8.08    0.01    0.02    0.17 v _4437_/ZN (OAI21_X2)
                                         _0054_ (net)
                  0.01    0.00    0.17 v _4452_/A (INV_X1)
     1    6.20    0.02    0.03    0.20 ^ _4452_/ZN (INV_X1)
                                         _0070_ (net)
                  0.02    0.00    0.20 ^ _4453_/A2 (NAND2_X4)
     3   10.50    0.01    0.02    0.22 v _4453_/ZN (NAND2_X4)
                                         _0071_ (net)
                  0.01    0.00    0.22 v _4736_/A1 (NAND2_X2)
     1    5.95    0.01    0.02    0.23 ^ _4736_/ZN (NAND2_X2)
                                         _0383_ (net)
                  0.01    0.00    0.23 ^ _4737_/A1 (NAND2_X4)
     2    9.09    0.01    0.01    0.25 v _4737_/ZN (NAND2_X4)
                                         _0384_ (net)
                  0.01    0.00    0.25 v _4781_/A1 (NAND2_X2)
     1    5.95    0.01    0.02    0.27 ^ _4781_/ZN (NAND2_X2)
                                         _0432_ (net)
                  0.01    0.00    0.27 ^ _4783_/A1 (NAND2_X4)
     3   11.49    0.01    0.02    0.28 v _4783_/ZN (NAND2_X4)
                                         _0434_ (net)
                  0.01    0.00    0.28 v _5122_/A1 (NAND2_X2)
     1    3.05    0.01    0.01    0.30 ^ _5122_/ZN (NAND2_X2)
                                         _0807_ (net)
                  0.01    0.00    0.30 ^ _5123_/A1 (NAND2_X2)
     3    6.11    0.01    0.02    0.31 v _5123_/ZN (NAND2_X2)
                                         _0808_ (net)
                  0.01    0.00    0.31 v _5165_/A1 (NAND2_X1)
     2    4.65    0.02    0.02    0.34 ^ _5165_/ZN (NAND2_X1)
                                         _0855_ (net)
                  0.02    0.00    0.34 ^ _5167_/A1 (NAND2_X2)
     2   12.19    0.01    0.02    0.36 v _5167_/ZN (NAND2_X2)
                                         _0857_ (net)
                  0.01    0.00    0.36 v _5168_/B2 (AOI21_X4)
     2    5.15    0.02    0.03    0.39 ^ _5168_/ZN (AOI21_X4)
                                         _0858_ (net)
                  0.02    0.00    0.39 ^ _5169_/A (INV_X1)
     1    5.70    0.01    0.02    0.41 v _5169_/ZN (INV_X1)
                                         _0859_ (net)
                  0.01    0.00    0.41 v _5177_/A1 (NAND2_X4)
     5   10.99    0.01    0.02    0.43 ^ _5177_/ZN (NAND2_X4)
                                         _0868_ (net)
                  0.01    0.00    0.43 ^ _5390_/A1 (NAND2_X2)
     2    3.06    0.01    0.01    0.44 v _5390_/ZN (NAND2_X2)
                                         _1102_ (net)
                  0.01    0.00    0.44 v _5391_/A1 (NAND2_X1)
     1    1.60    0.01    0.01    0.45 ^ _5391_/ZN (NAND2_X1)
                                         _1103_ (net)
                  0.01    0.00    0.45 ^ _5396_/A1 (NAND2_X1)
     1    5.70    0.01    0.02    0.47 v _5396_/ZN (NAND2_X1)
                                         _1109_ (net)
                  0.01    0.00    0.47 v _5548_/A1 (NAND2_X4)
     4    9.48    0.01    0.02    0.49 ^ _5548_/ZN (NAND2_X4)
                                         _1276_ (net)
                  0.01    0.00    0.49 ^ _5549_/A (INV_X2)
     1    5.77    0.01    0.01    0.50 v _5549_/ZN (INV_X2)
                                         _1277_ (net)
                  0.01    0.00    0.50 v _5664_/A (AOI21_X4)
     3   11.10    0.03    0.04    0.55 ^ _5664_/ZN (AOI21_X4)
                                         _1404_ (net)
                  0.03    0.00    0.55 ^ _5665_/A (INV_X2)
     1    5.62    0.01    0.01    0.56 v _5665_/ZN (INV_X2)
                                         _1405_ (net)
                  0.01    0.00    0.56 v _5666_/A2 (NAND2_X4)
     4    9.29    0.01    0.02    0.58 ^ _5666_/ZN (NAND2_X4)
                                         _1406_ (net)
                  0.01    0.00    0.58 ^ _5705_/A1 (NAND2_X2)
     2    3.06    0.01    0.01    0.59 v _5705_/ZN (NAND2_X2)
                                         _1449_ (net)
                  0.01    0.00    0.59 v _5706_/A1 (NAND2_X1)
     1    3.05    0.01    0.02    0.61 ^ _5706_/ZN (NAND2_X1)
                                         _1450_ (net)
                  0.01    0.00    0.61 ^ _5709_/A1 (NAND2_X2)
     2    8.40    0.01    0.02    0.63 v _5709_/ZN (NAND2_X2)
                                         _1453_ (net)
                  0.01    0.00    0.63 v _5975_/A1 (NOR2_X2)
     1    3.10    0.02    0.02    0.65 ^ _5975_/ZN (NOR2_X2)
                                         _1746_ (net)
                  0.02    0.00    0.65 ^ _5979_/B1 (OAI21_X2)
     2    4.48    0.01    0.02    0.67 v _5979_/ZN (OAI21_X2)
                                         _1750_ (net)
                  0.01    0.00    0.67 v _5985_/A (INV_X1)
     2    5.10    0.01    0.02    0.69 ^ _5985_/ZN (INV_X1)
                                         _1757_ (net)
                  0.01    0.00    0.69 ^ _5986_/A2 (NAND2_X2)
     2    4.65    0.01    0.02    0.70 v _5986_/ZN (NAND2_X2)
                                         _1758_ (net)
                  0.01    0.00    0.70 v _5987_/A2 (NAND2_X2)
     3    9.53    0.02    0.02    0.73 ^ _5987_/ZN (NAND2_X2)
                                         _1759_ (net)
                  0.02    0.00    0.73 ^ _5988_/A (INV_X4)
     3    6.17    0.01    0.01    0.74 v _5988_/ZN (INV_X4)
                                         _1760_ (net)
                  0.01    0.00    0.74 v _5989_/A2 (NAND2_X2)
     1    6.77    0.01    0.02    0.76 ^ _5989_/ZN (NAND2_X2)
                                         _1761_ (net)
                  0.01    0.00    0.76 ^ _6409_/A1 (NOR2_X4)
     1    2.93    0.01    0.01    0.76 v _6409_/ZN (NOR2_X4)
                                         _2223_ (net)
                  0.01    0.00    0.76 v _6773_/A1 (NAND2_X2)
     2    4.64    0.01    0.01    0.78 ^ _6773_/ZN (NAND2_X2)
                                         _2623_ (net)
                  0.01    0.00    0.78 ^ _6784_/A1 (NAND2_X2)
     2    4.26    0.01    0.01    0.79 v _6784_/ZN (NAND2_X2)
                                         _2636_ (net)
                  0.01    0.00    0.79 v _6791_/B1 (AOI21_X2)
     1    4.00    0.02    0.03    0.82 ^ _6791_/ZN (AOI21_X2)
                                         _2643_ (net)
                  0.02    0.00    0.82 ^ _6851_/A (XNOR2_X2)
     7   11.24    0.04    0.05    0.87 ^ _6851_/ZN (XNOR2_X2)
                                         _2709_ (net)
                  0.04    0.00    0.87 ^ _6863_/A1 (NAND2_X1)
     1    2.70    0.01    0.02    0.89 v _6863_/ZN (NAND2_X1)
                                         _2722_ (net)
                  0.01    0.00    0.89 v _6864_/B1 (OAI21_X2)
     1    1.13    0.01    0.02    0.92 ^ _6864_/ZN (OAI21_X2)
                                         _0000_ (net)
                  0.01    0.00    0.92 ^ out_act[0]$_DFFE_PN0P_/D (DFFR_X1)
                                  0.92   data arrival time

                  0.00    0.46    0.46   clock core_clock (rise edge)
                          0.00    0.46   clock network delay (ideal)
                          0.00    0.46   clock reconvergence pessimism
                                  0.46 ^ out_act[0]$_DFFE_PN0P_/CK (DFFR_X1)
                         -0.03    0.43   library setup time
                                  0.43   data required time
-----------------------------------------------------------------------------
                                  0.43   data required time
                                 -0.92   data arrival time
-----------------------------------------------------------------------------
                                 -0.49   slack (VIOLATED)



==========================================================================
floorplan final report_power
--------------------------------------------------------------------------
Group                  Internal  Switching    Leakage      Total
                          Power      Power      Power      Power (Watts)
----------------------------------------------------------------
Sequential             4.35e-04   2.34e-05   9.17e-07   4.60e-04   1.5%
Combinational          1.44e-02   1.64e-02   9.66e-05   3.08e-02  98.5%
Clock                  0.00e+00   0.00e+00   0.00e+00   0.00e+00   0.0%
Macro                  0.00e+00   0.00e+00   0.00e+00   0.00e+00   0.0%
Pad                    0.00e+00   0.00e+00   0.00e+00   0.00e+00   0.0%
----------------------------------------------------------------
Total                  1.48e-02   1.64e-02   9.76e-05   3.13e-02 100.0%
                          47.3%      52.4%       0.3%
