/INST/syn/Q-2019.12-SP5-5/auxx/gui/dv/dv_setup.tcl
/INST/syn/Q-2019.12-SP5-5/auxx/gui/syn/snpsSynProcs.tcl
/INST/syn/Q-2019.12-SP5-5/auxx/gui/syn/layout/pkgIndex.tcl
/INST/syn/Q-2019.12-SP5-5/auxx/gui/common/libviewer/pkgIndex.tcl
/INST/syn/Q-2019.12-SP5-5/auxx/gui/common/tq/pkgIndex.tcl
/INST/syn/Q-2019.12-SP5-5/auxx/gui/common/profiler/pkgIndex.tcl
/INST/syn/Q-2019.12-SP5-5/auxx/gui/common/dialogs/pkgIndex.tcl
/INST/syn/Q-2019.12-SP5-5/auxx/gui/common/tcl-dp/pkgIndex.tcl
/INST/syn/Q-2019.12-SP5-5/auxx/gui/common/docBrowser/pkgIndex.tcl
/INST/syn/Q-2019.12-SP5-5/auxx/gui/common/setup/pkgIndex.tcl
/INST/syn/Q-2019.12-SP5-5/auxx/gui/common/hierarchy/pkgIndex.tcl
/INST/syn/Q-2019.12-SP5-5/auxx/gui/common/strokes/pkgIndex.tcl
/INST/syn/Q-2019.12-SP5-5/auxx/gui/common/select/pkgIndex.tcl
/INST/syn/Q-2019.12-SP5-5/auxx/gui/common/tiledview/pkgIndex.tcl
/INST/syn/Q-2019.12-SP5-5/auxx/gui/common/menus/pkgIndex.tcl
/INST/syn/Q-2019.12-SP5-5/auxx/gui/common/histogram/pkgIndex.tcl
/INST/syn/Q-2019.12-SP5-5/auxx/gui/common/misc/pkgIndex.tcl
/INST/syn/Q-2019.12-SP5-5/auxx/gui/common/fanoutviewer/pkgIndex.tcl
/INST/syn/Q-2019.12-SP5-5/auxx/gui/common/WindowFrameWork/pkgIndex.tcl
/INST/syn/Q-2019.12-SP5-5/auxx/gui/common/timing/pkgIndex.tcl
/INST/syn/Q-2019.12-SP5-5/auxx/gui/common/view/pkgIndex.tcl
/INST/syn/Q-2019.12-SP5-5/auxx/gui/common/opdlg/pkgIndex.tcl
/INST/syn/Q-2019.12-SP5-5/auxx/gui/common/highlight/pkgIndex.tcl
/INST/syn/Q-2019.12-SP5-5/auxx/gui/common/qtcl/pkgIndex.tcl
/INST/syn/Q-2019.12-SP5-5/auxx/gui/common/schematic/pkgIndex.tcl
/INST/syn/Q-2019.12-SP5-5/auxx/gui/common/layout/pkgIndex.tcl
/INST/syn/Q-2019.12-SP5-5/auxx/gui/common/commandform/pkgIndex.tcl
/INST/syn/Q-2019.12-SP5-5/auxx/gui/common/table/pkgIndex.tcl
/INST/syn/Q-2019.12-SP5-5/auxx/gui/common/regressionToolkit/pkgIndex.tcl
/INST/syn/Q-2019.12-SP5-5/auxx/gui/common/mrupalette/pkgIndex.tcl
/INST/syn/Q-2019.12-SP5-5/auxx/gui/common/pathinspector/pkgIndex.tcl
/INST/syn/Q-2019.12-SP5-5/auxx/gui/common/palettegroup/pkgIndex.tcl
/INST/syn/Q-2019.12-SP5-5/auxx/gui/common/acg/pkgIndex.tcl
/INST/syn/Q-2019.12-SP5-5/auxx/gui/dv/pkgIndex.tcl
/INST/syn/Q-2019.12-SP5-5/auxx/syn/lib/pkgIndex.tcl
/INST/syn/Q-2019.12-SP5-5/auxx/tcllib/lib/iwidgets4.1/pkgIndex.tcl
/INST/syn/Q-2019.12-SP5-5/auxx/tcllib/snps_tcl/snpsTest/pkgIndex.tcl
/INST/syn/Q-2019.12-SP5-5/auxx/tcllib/snps_tcl/snpsTclPro/pkgIndex.tcl
/INST/syn/Q-2019.12-SP5-5/auxx/tcllib/snps_tcl/snpsUtils/pkgIndex.tcl
/INST/syn/Q-2019.12-SP5-5/auxx/tcllib/snps_tcl/pkgIndex.tcl
/INST/syn/Q-2019.12-SP5-5/auxx/tcllib/lib/tcl8.6/msgcat/pkgIndex.tcl
/INST/syn/Q-2019.12-SP5-5/auxx/tcllib/lib/tcl8.6/opt/pkgIndex.tcl
/INST/syn/Q-2019.12-SP5-5/auxx/tcllib/lib/tcl8.6/dde/pkgIndex.tcl
/INST/syn/Q-2019.12-SP5-5/auxx/tcllib/lib/tcl8.6/tcltest/pkgIndex.tcl
/INST/syn/Q-2019.12-SP5-5/auxx/tcllib/lib/tcl8.6/reg/pkgIndex.tcl
/INST/syn/Q-2019.12-SP5-5/auxx/tcllib/lib/tcl8.6/http1.0/pkgIndex.tcl
/INST/syn/Q-2019.12-SP5-5/auxx/tcllib/lib/tcl8.6/platform/pkgIndex.tcl
/INST/syn/Q-2019.12-SP5-5/auxx/tcllib/lib/tcl8.6/http/pkgIndex.tcl
/INST/syn/Q-2019.12-SP5-5/auxx/gui/common/setup/snpsCommonSetup.tcl
/INST/syn/Q-2019.12-SP5-5/auxx/gui/common/setup/snpsCustomize.tcl
/INST/syn/Q-2019.12-SP5-5/auxx/gui/common/setup/snpsProcheck.tcl
/INST/syn/Q-2019.12-SP5-5/auxx/gui/common/qtcl/.synopsys_qtcl.tcl
/INST/syn/Q-2019.12-SP5-5/auxx/gui/common/highlight/highlight.tcl
/INST/syn/Q-2019.12-SP5-5/auxx/gui/common/misc/base.tcl
/INST/syn/Q-2019.12-SP5-5/auxx/gui/common/misc/timing.tcl
/INST/syn/Q-2019.12-SP5-5/auxx/gui/common/misc/setting.tcl
/INST/syn/Q-2019.12-SP5-5/auxx/gui/common/misc/preset.tcl
/INST/syn/Q-2019.12-SP5-5/auxx/gui/common/WindowFrameWork/windowFrameWork.tcl
/INST/syn/Q-2019.12-SP5-5/auxx/gui/common/WindowFrameWork/skipBusyCursorCmdList.tcl
/INST/syn/Q-2019.12-SP5-5/auxx/gui/common/docBrowser/docBrowser.tcl
/INST/syn/Q-2019.12-SP5-5/auxx/tcllib/snps_tcl/snpsUtils/snpsUtils.tcl
/INST/syn/Q-2019.12-SP5-5/auxx/gui/common/dialogs/ObjectChooser.tcl
/INST/syn/Q-2019.12-SP5-5/auxx/gui/common/misc/DialogObjectChooser.tcl
/INST/syn/Q-2019.12-SP5-5/auxx/gui/common/dialogs/HistBinInformation.tcl
/INST/syn/Q-2019.12-SP5-5/auxx/gui/common/dialogs/HistBin1Information.tcl
/INST/syn/Q-2019.12-SP5-5/auxx/gui/common/dialogs/BinsOnlyInformation.tcl
/INST/syn/Q-2019.12-SP5-5/auxx/gui/common/dialogs/FileChooser.tcl
/INST/syn/Q-2019.12-SP5-5/auxx/gui/common/dialogs/PathPinSimpleInfo.tcl
/INST/syn/Q-2019.12-SP5-5/auxx/gui/common/dialogs/PathsBasicInfo.tcl
/INST/syn/Q-2019.12-SP5-5/auxx/gui/common/dialogs/PathsBasicSimpleInfo.tcl
/INST/syn/Q-2019.12-SP5-5/auxx/gui/common/dialogs/SlctOperationInfo.tcl
/INST/syn/Q-2019.12-SP5-5/auxx/gui/common/dialogs/ObjectListInfo.tcl
/INST/syn/Q-2019.12-SP5-5/auxx/gui/common/dialogs/FanInOutInfo.tcl
/INST/syn/Q-2019.12-SP5-5/auxx/gui/common/dialogs/NumberOfLevelsChooser.tcl
/INST/syn/Q-2019.12-SP5-5/auxx/gui/common/dialogs/WindowReuseInfo.tcl
/INST/syn/Q-2019.12-SP5-5/auxx/gui/common/dialogs/ReportOutputOptionInfo.tcl
/INST/syn/Q-2019.12-SP5-5/auxx/gui/common/setup/snpsCollections.tcl
/INST/syn/Q-2019.12-SP5-5/auxx/gui/common/dialogs/CompileLinkDesign.tcl
/INST/syn/Q-2019.12-SP5-5/auxx/gui/common/histogram/DialogEndpointSlack.tcl
/INST/syn/Q-2019.12-SP5-5/auxx/gui/common/histogram/DialogPathsSlack.tcl
/INST/syn/Q-2019.12-SP5-5/auxx/gui/common/histogram/DialogNetCapacitance.tcl
/INST/syn/Q-2019.12-SP5-5/auxx/gui/common/schematic/DialogPathSchematicFanInOut.tcl
/INST/syn/Q-2019.12-SP5-5/auxx/gui/common/schematic/DialogPathSchematicAddPaths.tcl
/home/SOC17/controller/DMAC/SYN/script.tcl
/home/SOC17/controller/DMAC/RTL/SPRNN_Top.v
/home/SOC17/freepdk-45nm/stdcells.db
/home/SOC17/controller/DMAC/RTL/adder_tree.v
/home/SOC17/controller/DMAC/RTL/Controller.v
/home/SOC17/controller/DMAC/RTL/f_buffer.v
/home/SOC17/controller/DMAC/RTL/layer_pipeline.v
/home/SOC17/controller/DMAC/RTL/mac_pipeline_superscalar.v
/home/SOC17/controller/DMAC/RTL/maxpool_16channel.v
/home/SOC17/controller/DMAC/RTL/out_buf.v
/home/SOC17/controller/DMAC/RTL/register_file.v
/home/SOC17/controller/DMAC/RTL/relu.v
/home/SOC17/controller/DMAC/RTL/w_buffer.v
/INST/syn/Q-2019.12-SP5-5/libraries/syn/gtech.db
/INST/syn/Q-2019.12-SP5-5/libraries/syn/standard.sldb
/home/SOC17/synopsys_cache_Q-2019.12-SP5-5/DW01/DW01_inc/rpl/4/stdcells_6610/element.ddc
/home/SOC17/synopsys_cache_Q-2019.12-SP5-5/DW01/DW01_dec/rpl/4/stdcells_6610/element.ddc
/home/SOC17/synopsys_cache_Q-2019.12-SP5-5/DW01/DW01_inc/rpl/5/stdcells_6610/element.ddc
/home/SOC17/synopsys_cache_Q-2019.12-SP5-5/DW01/DW01_cmp2/rpl/8/stdcells_6610/element.ddc
/home/SOC17/synopsys_cache_Q-2019.12-SP5-5/DW01/DW01_add/rpl/8/stdcells_6610/element.ddc
/home/SOC17/synopsys_cache_Q-2019.12-SP5-5/DW01/DW01_add/rpl/32/stdcells_6610/element.ddc
/home/SOC17/synopsys_cache_Q-2019.12-SP5-5/DW01/DW01_add/rpl/20/stdcells_6610/element.ddc
/home/SOC17/synopsys_cache_Q-2019.12-SP5-5/DW01/DW01_inc/rpl/6/stdcells_6610/element.ddc
/home/SOC17/synopsys_cache_Q-2019.12-SP5-5/DW02/DW_div_uns/rpl/6/2/stdcells_6610/element.ddc
/home/SOC17/synopsys_cache_Q-2019.12-SP5-5/DW01/DW01_cmp2/rpl/6/stdcells_6610/element.ddc
/home/SOC17/synopsys_cache_Q-2019.12-SP5-5/DW01/DW01_add/rpl/22/stdcells_6610_8167_4702/element.ddc
/home/SOC17/synopsys_cache_Q-2019.12-SP5-5/DW01/DW01_add/cla/22/stdcells_6610_8167_4702/element.ddc
/home/SOC17/synopsys_cache_Q-2019.12-SP5-5/DW01/DW01_add/rpl/20/stdcells_6610_8167_4702/element.ddc
/home/SOC17/synopsys_cache_Q-2019.12-SP5-5/DW01/DW01_add/cla/20/stdcells_6610_8167_4702/element.ddc
/home/SOC17/synopsys_cache_Q-2019.12-SP5-5/DW02/DW02_mult/csa/8/8/stdcells_6610_8167_4702/element.ddc
/home/SOC17/synopsys_cache_Q-2019.12-SP5-5/DW01/DW01_add/rpl/22/stdcells_6610/element.ddc
/home/SOC17/synopsys_cache_Q-2019.12-SP5-5/DW02/DW02_mult/csa/8/8/stdcells_6610/element.ddc
/home/SOC17/synopsys_cache_Q-2019.12-SP5-5/DW01/DW01_add/cla/14/stdcells_6610/element.ddc
