Warning: Design 'SPRNN_Top' has '2' unresolved references. For more detailed information, use the "link" command. (UID-341)
 
****************************************
Report : reference
Design : SPRNN_Top
Version: Q-2019.12-SP5-5
Date   : Sun Jun 15 20:55:24 2025
****************************************

Attributes:
    b - black box (unknown)
   bo - allows boundary optimization
    d - dont_touch
   mo - map_only
    h - hierarchical
    n - noncombinational
    r - removable
    s - synthetic operator
    u - contains unmapped logic

Reference          Library       Unit Area   Count    Total Area   Attributes
-----------------------------------------------------------------------------
AND2_X1            NangateOpenCellLibrary
                                  1.064000       8      8.512000  
AND4_X1            NangateOpenCellLibrary
                                  1.596000       1      1.596000  
AOI21_X1           NangateOpenCellLibrary
                                  1.064000       2      2.128000  
AOI22_X1           NangateOpenCellLibrary
                                  1.330000     256    340.480011  
BUF_X1             NangateOpenCellLibrary
                                  0.798000      27     21.545999  
Controller                      148.694003       1    148.694003  b, h, n
DFFR_X1            NangateOpenCellLibrary
                                  5.320000    1033   5495.560177  n
DFF_X1             NangateOpenCellLibrary
                                  4.522000       3     13.566000  n
DLH_X1             NangateOpenCellLibrary
                                  2.660000      24     63.840002  n
INV_X1             NangateOpenCellLibrary
                                  0.532000     552    293.664003  
INV_X8             NangateOpenCellLibrary
                                  2.394000       3      7.182000  
INV_X16            NangateOpenCellLibrary
                                  4.522000       4     18.087999  
MUX2_X1            NangateOpenCellLibrary
                                  1.862000      25     46.550000  
NAND2_X1           NangateOpenCellLibrary
                                  0.798000    1143    912.113975  
NAND3_X1           NangateOpenCellLibrary
                                  1.064000       2      2.128000  
NAND4_X1           NangateOpenCellLibrary
                                  1.330000       5      6.650000  
NOR4_X1            NangateOpenCellLibrary
                                  1.330000       1      1.330000  
OAI21_X1           NangateOpenCellLibrary
                                  1.064000    1015   1079.960011  
OAI221_X1          NangateOpenCellLibrary
                                  1.596000       2      3.192000  
OAI222_X1          NangateOpenCellLibrary
                                  2.128000     298    634.144006  
OR2_X1             NangateOpenCellLibrary
                                  1.064000       1      1.064000  
adder_tree_0                   2089.962036       1   2089.962036  h, n
adder_tree_1                   2089.962036       1   2089.962036  h, n
adder_tree_2                   2089.962036       1   2089.962036  h, n
bias_relu_0                     114.114001       1    114.114001  h
bias_relu_1                     114.114001       1    114.114001  h
bias_relu_2                     114.912001       1    114.912001  h
f_buffer_0                    13718.684333       1  13718.684333  h, n
f_buffer_1                    13718.684333       1  13718.684333  h, n
f_buffer_2                    13718.684333       1  13718.684333  h, n
mac_pipeline_superscalar_DATA_WIDTH8_LANE_NUM3_0
                               4386.872054       1   4386.872054  h, n
mac_pipeline_superscalar_DATA_WIDTH8_LANE_NUM3_1
                               4387.138054       1   4387.138054  h, n
mac_pipeline_superscalar_DATA_WIDTH8_LANE_NUM3_2
                               4387.138054       1   4387.138054  h, n
mac_pipeline_superscalar_DATA_WIDTH8_LANE_NUM3_3
                               4386.340054       1   4386.340054  h, n
mac_pipeline_superscalar_DATA_WIDTH8_LANE_NUM3_4
                               4386.340054       1   4386.340054  h, n
mac_pipeline_superscalar_DATA_WIDTH8_LANE_NUM3_5
                               4387.404054       1   4387.404054  h, n
mac_pipeline_superscalar_DATA_WIDTH8_LANE_NUM3_6
                               4387.670054       1   4387.670054  h, n
mac_pipeline_superscalar_DATA_WIDTH8_LANE_NUM3_7
                               4386.606054       1   4386.606054  h, n
mac_pipeline_superscalar_DATA_WIDTH8_LANE_NUM3_8
                               4386.340054       1   4386.340054  h, n
mac_pipeline_superscalar_DATA_WIDTH8_LANE_NUM3_9
                               4388.468054       1   4388.468054  h, n
mac_pipeline_superscalar_DATA_WIDTH8_LANE_NUM3_10
                               4388.468054       1   4388.468054  h, n
mac_pipeline_superscalar_DATA_WIDTH8_LANE_NUM3_11
                               4388.468054       1   4388.468054  h, n
mac_pipeline_superscalar_DATA_WIDTH8_LANE_NUM3_12
                               4387.670054       1   4387.670054  h, n
mac_pipeline_superscalar_DATA_WIDTH8_LANE_NUM3_13
                               4388.468054       1   4388.468054  h, n
mac_pipeline_superscalar_DATA_WIDTH8_LANE_NUM3_14
                               4387.138054       1   4387.138054  h, n
mac_pipeline_superscalar_DATA_WIDTH8_LANE_NUM3_15
                               4386.340054       1   4386.340054  h, n
maxpool_16ch                  14391.664234       1  14391.664234  h, n
memory_w_v0                       0.000000       2      0.000000  b
memory_w_v0                       0.000000       1      0.000000  b
output_buffer                  3143.055970       1   3143.055970  h, n
regfile_sync                  33770.031049       1  33770.031049  h, n
w_buffer                      10185.672229       1  10185.672229  h, n
-----------------------------------------------------------------------------
Total 52 references                                 188558.359643
1
