
- Loading orfs docker image ...

Loaded image: mflowgen/openroad-flow-scripts-base:2024-0621-f0caba6

- Creating orfs docker container ...


- Created orfs docker container with Container ID -- 828c947f79bff2151abcd6d3fe04dc1244a59b2ffe8d8240dc7da030ff56a677


- Moving flow checkpoint into orfs docker container -- 828c947f79bff2151abcd6d3fe04dc1244a59b2ffe8d8240dc7da030ff56a677

flow/
flow/scripts/
flow/scripts/klayout.tcl
flow/scripts/io_placement.tcl
flow/scripts/final_report.tcl
flow/scripts/pdn.tcl
flow/scripts/read_macro_placement.tcl
flow/scripts/fillcell.tcl
flow/scripts/save_images.tcl
flow/scripts/io_placement_random.tcl
flow/scripts/write_ref_sdc.tcl
flow/scripts/abc_speed.script
flow/scripts/synth_metrics.tcl
flow/scripts/global_place.tcl
flow/scripts/resize.tcl
flow/scripts/report_metrics.tcl
flow/scripts/global_route.tcl
flow/scripts/sta-synth.tcl
flow/scripts/write_def.tcl
flow/scripts/tdms_place.tcl
flow/scripts/mem_dump.py
flow/scripts/synth.tcl
flow/scripts/detail_route.tcl
flow/scripts/read_liberty.tcl
flow/scripts/tapcell.tcl
flow/scripts/deletePowerNets.tcl
flow/scripts/util.tcl
flow/scripts/global_place_skip_io.tcl
flow/scripts/synth_preamble.tcl
flow/scripts/yosys.tcl
flow/scripts/cts.tcl
flow/scripts/deleteNonClkNets.tcl
flow/scripts/synth_hier_report.tcl
flow/scripts/floorplan.tcl
flow/scripts/deleteRoutingObstructions.tcl
flow/scripts/cdl.tcl
flow/scripts/abc_area.script
flow/scripts/noop.tcl
flow/scripts/macro_place_util.tcl
flow/scripts/escape.sh
flow/scripts/add_routing_blk.tcl
flow/scripts/sc/
flow/scripts/sc/README.md
flow/scripts/sc/tools/
flow/scripts/sc/tools/openroad/
flow/scripts/sc/tools/openroad/sc_apr.tcl
flow/scripts/sc/flows/
flow/scripts/sc/flows/orflow.py
flow/scripts/sc/util/
flow/scripts/sc/util/parse_config_mk.py
flow/scripts/sc/util/parse_target_config.py
flow/scripts/sc/targets/
flow/scripts/sc/targets/nangate45_orflow.py
flow/scripts/sc/targets/asap7_orflow.py
flow/scripts/sc/targets/sky130hd_orflow.py
flow/scripts/sc/targets/sky130hs_orflow.py
flow/scripts/gui.tcl
flow/scripts/placement_blockages.tcl
flow/scripts/load.tcl
flow/scripts/generate_abstract.tcl
flow/scripts/macro_place.tcl
flow/scripts/view_cells.tcl
flow/scripts/detail_place.tcl
flow/scripts/io_placement_util.tcl
flow/scripts/density_fill.tcl
flow/scripts/write_verilog.tcl
flow/tutorials/
flow/tutorials/scripts/
flow/tutorials/scripts/gui/
flow/tutorials/scripts/gui/load_lef.tcl
flow/tutorials/scripts/drt/
flow/tutorials/scripts/drt/helpers.tcl
flow/tutorials/scripts/drt/drc_fix.tcl
flow/tutorials/scripts/drt/drc_issue.tcl
flow/tutorials/scripts/drt/gcd/
flow/tutorials/scripts/drt/gcd/drc_cts.def
flow/tutorials/scripts/drt/gcd/gcd.sdc
flow/tutorials/scripts/drt/gcd/4_cts.def
flow/tutorials/scripts/metal_fill/
flow/tutorials/scripts/metal_fill/5_route.odb
flow/tutorials/scripts/metal_fill/metal_fill.tcl
flow/tutorials/scripts/metal_fill/helpers.tcl
flow/tutorials/README.md
flow/Makefile.py
flow/platforms/
flow/platforms/nangate45/
flow/platforms/nangate45/FreePDK45.lyt
flow/platforms/nangate45/fakeram.tcl
flow/platforms/nangate45/grid_strategy-M1-M4-M7.tcl
flow/platforms/nangate45/setRC.tcl
flow/platforms/nangate45/FreePDK45.lyp
flow/platforms/nangate45/README.md
flow/platforms/nangate45/work_around_yosys/
flow/platforms/nangate45/work_around_yosys/cells.v
flow/platforms/nangate45/rcx_patterns.rules
flow/platforms/nangate45/tapcell.tcl
flow/platforms/nangate45/drc/
flow/platforms/nangate45/drc/FreePDK45.lydrc
flow/platforms/nangate45/make_tracks.tcl
flow/platforms/nangate45/lib/
flow/platforms/nangate45/lib/fakeram45_64x64.lib
flow/platforms/nangate45/lib/fakeram45_2048x39.lib
flow/platforms/nangate45/lib/fakeram45_32x32.lib
flow/platforms/nangate45/lib/fakeram45_256x95.lib
flow/platforms/nangate45/lib/fakeram45_64x7.lib
flow/platforms/nangate45/lib/fakeram45_512x64.lib
flow/platforms/nangate45/lib/fakeram45_128x116.lib
flow/platforms/nangate45/lib/fakeram45_256x48.lib
flow/platforms/nangate45/lib/fakeram45_64x32.lib
flow/platforms/nangate45/lib/fakeram45_64x15.lib
flow/platforms/nangate45/lib/fakeram45_64x21.lib
flow/platforms/nangate45/lib/fakeram45_128x32.lib
flow/platforms/nangate45/lib/fakeram45_64x124.lib
flow/platforms/nangate45/lib/fakeram45_128x256.lib
flow/platforms/nangate45/lib/NangateOpenCellLibrary_typical.lib
flow/platforms/nangate45/lib/fakeram45_1024x32.lib
flow/platforms/nangate45/lib/fakeram45_32x64.lib
flow/platforms/nangate45/lib/fakeram45_256x34.lib
flow/platforms/nangate45/lib/fakeram45_256x96.lib
flow/platforms/nangate45/lib/fakeram45_64x96.lib
flow/platforms/nangate45/lib/fakeram45_256x16.lib
flow/platforms/nangate45/lib/fakeram45_256x32.lib
flow/platforms/nangate45/lib/fakeram45_64x62.lib
flow/platforms/nangate45/cells_latch.v
flow/platforms/nangate45/fakeram.cfg
flow/platforms/nangate45/magic.tech
flow/platforms/nangate45/cells_clkgate.v
flow/platforms/nangate45/LICENSE
flow/platforms/nangate45/fastroute.tcl
flow/platforms/nangate45/gds/
flow/platforms/nangate45/gds/NangateOpenCellLibrary.gds
flow/platforms/nangate45/template_pga.cfg
flow/platforms/nangate45/config.mk
flow/platforms/nangate45/cdl/
flow/platforms/nangate45/cdl/NangateOpenCellLibrary.cdl
flow/platforms/nangate45/cells_adders.v
flow/platforms/nangate45/lef/
flow/platforms/nangate45/lef/NangateOpenCellLibrary.macro.mod.lef
flow/platforms/nangate45/lef/fakeram45_512x64.lef
flow/platforms/nangate45/lef/fakeram45_256x95.lef
flow/platforms/nangate45/lef/fakeram45_256x96.lef
flow/platforms/nangate45/lef/fakeram45_2048x39.lef
flow/platforms/nangate45/lef/NangateOpenCellLibrary.macro.lef
flow/platforms/nangate45/lef/fakeram45_64x124.lef
flow/platforms/nangate45/lef/fakeram45_256x34.lef
flow/platforms/nangate45/lef/fakeram45_64x62.lef
flow/platforms/nangate45/lef/fakeram45_32x64.lef
flow/platforms/nangate45/lef/fakeram45_64x21.lef
flow/platforms/nangate45/lef/fakeram45_1024x32.lef
flow/platforms/nangate45/lef/fakeram45_128x116.lef
flow/platforms/nangate45/lef/fakeram45_64x7.lef
flow/platforms/nangate45/lef/NangateOpenCellLibrary.macro.rect.lef
flow/platforms/nangate45/lef/fakeram45_32x32.lef
flow/platforms/nangate45/lef/NangateOpenCellLibrary.tech.lef
flow/platforms/nangate45/lef/fakeram45_64x96.lef
flow/platforms/nangate45/lef/fakeram45_256x48.lef
flow/platforms/nangate45/lef/fakeram45_64x32.lef
flow/platforms/nangate45/lef/fakeram45_256x32.lef
flow/platforms/nangate45/lef/fakeram45_64x64.lef
flow/platforms/nangate45/lef/fakeram45_128x256.lef
flow/platforms/nangate45/lef/fakeram45_256x16.lef
flow/platforms/nangate45/lef/fakeram45_64x15.lef
flow/platforms/nangate45/lef/fakeram45_128x32.lef
flow/platforms/common/
flow/platforms/common/lcu_kogge_stone.v
flow/reports/
flow/reports/nangate45/
flow/reports/nangate45/gcd/
flow/reports/nangate45/gcd/base/
flow/reports/nangate45/gcd/base/synth_check.txt
flow/reports/nangate45/gcd/base/2_floorplan_final.rpt
flow/reports/nangate45/gcd/base/5_global_place.rpt
flow/reports/nangate45/gcd/base/3_resizer.rpt
flow/reports/nangate45/gcd/base/synth_stat.txt
flow/reports/nangate45/gcd/base/3_detailed_place.rpt
flow/util/
flow/util/gallery.json
flow/util/plot_floorplan.py
flow/util/correlateRC.py
flow/util/generate-vars.sh
flow/util/genReport.py
flow/util/addDummyToLef.py
flow/util/executeParallel.sh
flow/util/genMassive.py
flow/util/calPath.py
flow/util/docker_shell
flow/util/cell-veneer/
flow/util/cell-veneer/README.md
flow/util/cell-veneer/pkgIndex.tcl
flow/util/cell-veneer/lefdef.tcl
flow/util/cell-veneer/wrap_stdcells.tcl
flow/util/cell-veneer/wrap.tcl
flow/util/distributed.py
flow/util/genAllRuleFiles.sh
flow/util/genMetrics.py
flow/util/checkMetadata.py
flow/util/genElapsedTime.py
flow/util/uploadMetadata.py
flow/util/appendStatsToDb.py
flow/util/write_net_rc.tcl
flow/util/viewDrc.py
flow/util/run.sh
flow/util/def2stream.py
flow/util/genReportTable.py
flow/util/updateRules.py
flow/util/write_net_rc_script.tcl
flow/util/utils.mk
flow/util/calBuffer.py
flow/util/createGallery.py
flow/util/mergeLib.pl
flow/util/makeIssue.sh
flow/util/convertDrc.py
flow/util/preprocessLib.py
flow/util/viewGuide.py
flow/util/genRuleFile.py
flow/logs/
flow/logs/nangate45/
flow/logs/nangate45/gcd/
flow/logs/nangate45/gcd/base/
flow/logs/nangate45/gcd/base/3_1_place_gp_skip_io.json
flow/logs/nangate45/gcd/base/2_1_floorplan.json
flow/logs/nangate45/gcd/base/2_6_floorplan_pdn.json
flow/logs/nangate45/gcd/base/1_1_yosys.log
flow/logs/nangate45/gcd/base/3_2_place_iop.log
flow/logs/nangate45/gcd/base/2_4_floorplan_macro.log
flow/logs/nangate45/gcd/base/2_3_floorplan_tdms.json
flow/logs/nangate45/gcd/base/3_1_place_gp_skip_io.log
flow/logs/nangate45/gcd/base/3_3_place_gp.log
flow/logs/nangate45/gcd/base/2_4_floorplan_macro.json
flow/logs/nangate45/gcd/base/3_3_place_gp.json
flow/logs/nangate45/gcd/base/3_4_place_resized.json
flow/logs/nangate45/gcd/base/3_5_place_dp.json
flow/logs/nangate45/gcd/base/3_2_place_iop.json
flow/logs/nangate45/gcd/base/3_5_place_dp.log
flow/logs/nangate45/gcd/base/2_2_floorplan_io.json
flow/logs/nangate45/gcd/base/2_5_floorplan_tapcell.log
flow/logs/nangate45/gcd/base/2_6_floorplan_pdn.log
flow/logs/nangate45/gcd/base/3_4_place_resized.log
flow/logs/nangate45/gcd/base/2_2_floorplan_io.log
flow/logs/nangate45/gcd/base/2_5_floorplan_tapcell.json
flow/logs/nangate45/gcd/base/2_3_floorplan_tdms.log
flow/logs/nangate45/gcd/base/2_1_floorplan.log
flow/results/
flow/results/nangate45/
flow/results/nangate45/gcd/
flow/results/nangate45/gcd/base/
flow/results/nangate45/gcd/base/3_1_place_gp_skip_io.odb
flow/results/nangate45/gcd/base/3_3_place_gp.odb
flow/results/nangate45/gcd/base/3_5_place_dp.odb
flow/results/nangate45/gcd/base/mem.json
flow/results/nangate45/gcd/base/1_synth.sdc
flow/results/nangate45/gcd/base/2_4_floorplan_macro.odb
flow/results/nangate45/gcd/base/2_6_floorplan_pdn.odb
flow/results/nangate45/gcd/base/2_5_floorplan_tapcell.odb
flow/results/nangate45/gcd/base/2_floorplan.sdc
flow/results/nangate45/gcd/base/1_synth.v
flow/results/nangate45/gcd/base/1_1_yosys.v
flow/results/nangate45/gcd/base/2_3_floorplan_tdms.odb
flow/results/nangate45/gcd/base/2_floorplan.odb
flow/results/nangate45/gcd/base/3_2_place_iop.odb
flow/results/nangate45/gcd/base/3_place.sdc
flow/results/nangate45/gcd/base/clock_period.txt
flow/results/nangate45/gcd/base/2_2_floorplan_io.odb
flow/results/nangate45/gcd/base/2_1_floorplan.odb
flow/results/nangate45/gcd/base/3_place.odb
flow/results/nangate45/gcd/base/3_4_place_resized.odb
flow/.gitignore
flow/test/
flow/test/test_helper.sh
flow/test/test_genElapsedTime.py
flow/test/core_tests.sh
flow/test/test_delta_debug.sh
flow/test/test_make_issue.sh
flow/test/smoke.sh
flow/test/nodes.txt
flow/test/.gitignore
flow/objects/
flow/objects/nangate45/
flow/objects/nangate45/gcd/
flow/objects/nangate45/gcd/base/
flow/objects/nangate45/gcd/base/copyright.txt
flow/objects/nangate45/gcd/base/abc.constr
flow/objects/nangate45/gcd/base/lib/
flow/objects/nangate45/gcd/base/lib/NangateOpenCellLibrary_typical.lib
flow/Makefile
flow/designs/
flow/designs/nangate45/
flow/designs/nangate45/gcd/
flow/designs/nangate45/gcd/rules-base.json
flow/designs/nangate45/gcd/constraint.sdc
flow/designs/nangate45/gcd/metadata-base-ok.json
flow/designs/nangate45/gcd/config.mk
flow/designs/src/
flow/designs/src/gcd/
flow/designs/src/gcd/README.md
flow/designs/src/gcd/gcd.v

- Executing flow commands inside orfs docker container -- 828c947f79bff2151abcd6d3fe04dc1244a59b2ffe8d8240dc7da030ff56a677

Running cts.tcl, stage 4_1_cts
clock_tree_synthesis -sink_clustering_enable -balance_levels
[INFO CTS-0050] Root buffer is CLKBUF_X3.
[INFO CTS-0051] Sink buffer is CLKBUF_X3.
[INFO CTS-0052] The following clock buffers will be used for CTS:
                    CLKBUF_X3
[INFO CTS-0049] Characterization buffer is CLKBUF_X3.
[INFO CTS-0007] Net "clk" found for clock "core_clock".
[INFO CTS-0010]  Clock net "clk" has 11 sinks.
[INFO CTS-0008] TritonCTS found 1 clock nets.
[INFO CTS-0097] Characterization used 1 buffer(s) types.
[INFO CTS-0200] 0 placement blockages have been identified.
[INFO CTS-0201] 0 placed hard macros will be treated like blockages.
[INFO CTS-0027] Generating H-Tree topology for net clk.
[INFO CTS-0028]  Total number of sinks: 11.
[INFO CTS-0090]  Sinks will be clustered based on buffer max cap.
[INFO CTS-0030]  Number of static layers: 0.
[INFO CTS-0020]  Wire segment unit: 14000  dbu (7 um).
[INFO CTS-0023]  Original sink region: [(116395, 147420), (138435, 160580)].
[INFO CTS-0024]  Normalized sink region: [(8.31393, 10.53), (9.88821, 11.47)].
[INFO CTS-0025]     Width:  1.5743.
[INFO CTS-0026]     Height: 0.9400.
 Level 1
    Direction: Horizontal
    Sinks per sub-region: 6
    Sub-region size: 0.7871 X 0.9400
[INFO CTS-0034]     Segment length (rounded): 1.
[INFO CTS-0032]  Stop criterion found. Max number of sinks is 15.
[INFO CTS-0035]  Number of sinks covered: 11.
[INFO CTS-0018]     Created 3 clock buffers.
[INFO CTS-0012]     Minimum number of buffers in the clock path: 2.
[INFO CTS-0013]     Maximum number of buffers in the clock path: 2.
[INFO CTS-0015]     Created 3 clock nets.
[INFO CTS-0016]     Fanout distribution for the current clock = 5:1, 6:1..
[INFO CTS-0017]     Max level of the clock tree: 1.
[INFO CTS-0098] Clock net "clk"
[INFO CTS-0099]  Sinks 12
[INFO CTS-0100]  Leaf buffers 0
[INFO CTS-0101]  Average sink wire length 20.08 um
[INFO CTS-0102]  Path depth 2 - 2
[INFO CTS-0207]  Leaf load cells 1
[INFO RSZ-0058] Using max wire length 634um.
Placement Analysis
---------------------------------
total displacement         12.1 u
average displacement        0.0 u
max displacement            2.9 u
original HPWL           15997.0 u
legalized HPWL          16354.2 u
delta HPWL                    2 %

repair_timing -verbose -repair_tns 100
[INFO RSZ-0094] Found 7 endpoints with setup violations.
Iteration | Removed | Resized | Inserted | Cloned Gates | Pin Swaps |   WNS   |   TNS   | Endpoint
          | Buffers |         | Buffers  |              |           |         |         |
-------------------------------------------------------------------------------------------------
        0 |       0 |       0 |        0 |            0 |         0 |  -0.614 |  -4.281 | out_act\[3\]$_DFFE_PN0P_/D
       10 |       0 |       8 |        0 |            0 |         1 |  -0.592 |  -4.125 | out_act\[3\]$_DFFE_PN0P_/D
       20 |       0 |      18 |        0 |            0 |         1 |  -0.580 |  -4.048 | out_act\[3\]$_DFFE_PN0P_/D
       30 |       0 |      28 |        0 |            0 |         1 |  -0.581 |  -4.053 | out_act\[1\]$_DFFE_PN0P_/D
       40 |       0 |      37 |        0 |            0 |         2 |  -0.573 |  -3.992 | out_act\[3\]$_DFFE_PN0P_/D
       50 |       0 |      47 |        0 |            0 |         2 |  -0.570 |  -3.975 | out_act\[3\]$_DFFE_PN0P_/D
       60 |       0 |      57 |        0 |            0 |         2 |  -0.566 |  -3.948 | out_act\[3\]$_DFFE_PN0P_/D
       70 |       0 |      67 |        0 |            0 |         2 |  -0.564 |  -3.928 | out_act\[3\]$_DFFE_PN0P_/D
       80 |       0 |      77 |        0 |            0 |         2 |  -0.558 |  -3.891 | out_act\[3\]$_DFFE_PN0P_/D
       90 |       0 |      86 |        0 |            0 |         3 |  -0.558 |  -3.890 | out_act\[3\]$_DFFE_PN0P_/D
      100 |       0 |      95 |        0 |            1 |         3 |  -0.555 |  -3.872 | out_act\[3\]$_DFFE_PN0P_/D
      110 |       0 |     105 |        0 |            1 |         3 |  -0.553 |  -3.861 | out_act\[3\]$_DFFE_PN0P_/D
      120 |       0 |     115 |        0 |            1 |         3 |  -0.552 |  -3.854 | out_act\[1\]$_DFFE_PN0P_/D
      130 |       0 |     125 |        0 |            1 |         3 |  -0.550 |  -3.843 | out_act\[3\]$_DFFE_PN0P_/D
      140 |       0 |     135 |        0 |            1 |         3 |  -0.548 |  -3.823 | out_act\[3\]$_DFFE_PN0P_/D
      150 |       0 |     145 |        0 |            1 |         3 |  -0.546 |  -3.814 | out_act\[3\]$_DFFE_PN0P_/D
      160 |       0 |     155 |        0 |            1 |         3 |  -0.545 |  -3.802 | out_act\[3\]$_DFFE_PN0P_/D
      170 |       0 |     165 |        0 |            1 |         3 |  -0.547 |  -3.811 | out_act\[3\]$_DFFE_PN0P_/D
      180 |       0 |     174 |        0 |            1 |         4 |  -0.544 |  -3.801 | out_act\[3\]$_DFFE_PN0P_/D
      190 |       0 |     184 |        0 |            1 |         4 |  -0.543 |  -3.790 | out_act\[3\]$_DFFE_PN0P_/D
      200 |       0 |     194 |        0 |            1 |         4 |  -0.547 |  -3.807 | out_act\[3\]$_DFFE_PN0P_/D
      210 |       0 |     204 |        0 |            1 |         4 |  -0.541 |  -3.771 | out_act\[3\]$_DFFE_PN0P_/D
      220 |       0 |     212 |        3 |            1 |         5 |  -0.541 |  -3.768 | out_act\[3\]$_DFFE_PN0P_/D
      230 |       0 |     222 |        3 |            1 |         5 |  -0.544 |  -3.788 | out_act\[3\]$_DFFE_PN0P_/D
      240 |       0 |     232 |        3 |            1 |         5 |  -0.540 |  -3.760 | out_act\[3\]$_DFFE_PN0P_/D
      250 |       0 |     242 |        3 |            1 |         5 |  -0.538 |  -3.750 | out_act\[3\]$_DFFE_PN0P_/D
      260 |       0 |     251 |        3 |            1 |         6 |  -0.534 |  -3.722 | out_act\[3\]$_DFFE_PN0P_/D
      270 |       0 |     259 |        3 |            1 |         8 |  -0.532 |  -3.713 | out_act\[3\]$_DFFE_PN0P_/D
      280 |       0 |     269 |        3 |            1 |         8 |  -0.530 |  -3.699 | out_act\[1\]$_DFFE_PN0P_/D
      290 |       0 |     279 |        3 |            1 |         8 |  -0.529 |  -3.695 | out_act\[3\]$_DFFE_PN0P_/D
      300 |       0 |     289 |        3 |            1 |         8 |  -0.526 |  -3.662 | out_act\[1\]$_DFFE_PN0P_/D
      310 |       0 |     299 |        3 |            1 |         8 |  -0.526 |  -3.672 | out_act\[3\]$_DFFE_PN0P_/D
      320 |       0 |     309 |        3 |            1 |         8 |  -0.520 |  -3.632 | out_act\[3\]$_DFFE_PN0P_/D
      330 |       0 |     317 |        3 |            2 |         9 |  -0.519 |  -3.624 | out_act\[3\]$_DFFE_PN0P_/D
      340 |       0 |     327 |        3 |            2 |         9 |  -0.520 |  -3.625 | out_act\[3\]$_DFFE_PN0P_/D
      350 |       0 |     336 |        3 |            2 |        10 |  -0.521 |  -3.635 | out_act\[3\]$_DFFE_PN0P_/D
      360 |       0 |     345 |        3 |            2 |        11 |  -0.519 |  -3.619 | out_act\[3\]$_DFFE_PN0P_/D
      370 |       0 |     355 |        3 |            2 |        11 |  -0.518 |  -3.614 | out_act\[1\]$_DFFE_PN0P_/D
      380 |       0 |     363 |        3 |            2 |        13 |  -0.526 |  -3.652 | out_act\[1\]$_DFFE_PN0P_/D
      390 |       0 |     373 |        3 |            2 |        13 |  -0.515 |  -3.597 | out_act\[3\]$_DFFE_PN0P_/D
      400 |       0 |     382 |        3 |            3 |        13 |  -0.514 |  -3.591 | out_act\[1\]$_DFFE_PN0P_/D
      410 |       0 |     390 |        3 |            3 |        15 |  -0.513 |  -3.580 | out_act\[3\]$_DFFE_PN0P_/D
      420 |       0 |     400 |        3 |            3 |        15 |  -0.515 |  -3.586 | out_act\[3\]$_DFFE_PN0P_/D
      430 |       0 |     409 |        6 |            3 |        15 |  -0.514 |  -3.578 | out_act\[3\]$_DFFE_PN0P_/D
      440 |       0 |     417 |        8 |            3 |        16 |  -0.513 |  -3.580 | out_act\[3\]$_DFFE_PN0P_/D
      450 |       0 |     427 |        8 |            3 |        16 |  -0.511 |  -3.563 | out_act\[3\]$_DFFE_PN0P_/D
      460 |       0 |     436 |        8 |            3 |        17 |  -0.509 |  -3.553 | out_act\[3\]$_DFFE_PN0P_/D
      470 |       0 |     444 |        8 |            3 |        19 |  -0.510 |  -3.562 | out_act\[3\]$_DFFE_PN0P_/D
      480 |       0 |     453 |        8 |            3 |        20 |  -0.508 |  -3.547 | out_act\[3\]$_DFFE_PN0P_/D
      490 |       0 |     461 |        8 |            3 |        22 |  -0.507 |  -3.539 | out_act\[1\]$_DFFE_PN0P_/D
      500 |       0 |     469 |       11 |            3 |        23 |  -0.510 |  -3.548 | out_act\[1\]$_DFFE_PN0P_/D
      510 |       0 |     479 |       11 |            3 |        23 |  -0.506 |  -3.535 | out_act\[3\]$_DFFE_PN0P_/D
      520 |       0 |     488 |       14 |            3 |        23 |  -0.506 |  -3.531 | out_act\[3\]$_DFFE_PN0P_/D
      530 |       0 |     497 |       14 |            3 |        24 |  -0.505 |  -3.527 | out_act\[1\]$_DFFE_PN0P_/D
      540 |       0 |     505 |       14 |            3 |        26 |  -0.506 |  -3.531 | out_act\[3\]$_DFFE_PN0P_/D
      550 |       0 |     514 |       14 |            3 |        27 |  -0.504 |  -3.520 | out_act\[1\]$_DFFE_PN0P_/D
      560 |       0 |     522 |       16 |            3 |        28 |  -0.503 |  -3.509 | out_act\[1\]$_DFFE_PN0P_/D
      570 |       0 |     532 |       16 |            3 |        28 |  -0.504 |  -3.516 | out_act\[1\]$_DFFE_PN0P_/D
      580 |       0 |     540 |       16 |            3 |        30 |  -0.504 |  -3.515 | out_act\[1\]$_DFFE_PN0P_/D
      590 |       0 |     550 |       16 |            3 |        30 |  -0.501 |  -3.499 | out_act\[3\]$_DFFE_PN0P_/D
      600 |       0 |     560 |       16 |            3 |        30 |  -0.502 |  -3.500 | out_act\[3\]$_DFFE_PN0P_/D
      610 |       0 |     570 |       16 |            3 |        30 |  -0.500 |  -3.491 | out_act\[1\]$_DFFE_PN0P_/D
      620 |       0 |     580 |       16 |            3 |        30 |  -0.499 |  -3.485 | out_act\[1\]$_DFFE_PN0P_/D
      630 |       0 |     590 |       16 |            3 |        30 |  -0.498 |  -3.478 | out_act\[1\]$_DFFE_PN0P_/D
      640 |       0 |     598 |       16 |            3 |        32 |  -0.498 |  -3.476 | out_act\[1\]$_DFFE_PN0P_/D
      650 |       0 |     607 |       16 |            3 |        33 |  -0.497 |  -3.472 | out_act\[3\]$_DFFE_PN0P_/D
      660 |       0 |     614 |       18 |            3 |        35 |  -0.501 |  -3.488 | out_act\[3\]$_DFFE_PN0P_/D
      670 |       0 |     623 |       18 |            3 |        36 |  -0.502 |  -3.497 | out_act\[3\]$_DFFE_PN0P_/D
      680 |       0 |     632 |       18 |            3 |        37 |  -0.500 |  -3.493 | out_act\[3\]$_DFFE_PN0P_/D
      690 |       0 |     640 |       18 |            3 |        39 |  -0.499 |  -3.480 | out_act\[3\]$_DFFE_PN0P_/D
      700 |       0 |     649 |       18 |            3 |        40 |  -0.499 |  -3.478 | out_act\[3\]$_DFFE_PN0P_/D
      702 |       0 |     610 |       17 |            3 |        40 |  -0.499 |  -3.480 | out_act\[3\]$_DFFE_PN0P_/D
      710 |       0 |     615 |       19 |            3 |        41 |  -0.499 |  -3.479 | out_act\[3\]$_DFFE_PN0P_/D
      720 |       0 |     625 |       19 |            3 |        41 |  -0.506 |  -3.523 | out_act\[3\]$_DFFE_PN0P_/D
      730 |       0 |     634 |       19 |            3 |        42 |  -0.497 |  -3.468 | out_act\[1\]$_DFFE_PN0P_/D
      740 |       0 |     644 |       19 |            3 |        42 |  -0.497 |  -3.467 | out_act\[1\]$_DFFE_PN0P_/D
      750 |       0 |     653 |       21 |            3 |        42 |  -0.497 |  -3.470 | out_act\[1\]$_DFFE_PN0P_/D
      760 |       0 |     661 |       21 |            3 |        44 |  -0.497 |  -3.469 | out_act\[1\]$_DFFE_PN0P_/D
      770 |       0 |     670 |       21 |            3 |        45 |  -0.497 |  -3.458 | out_act\[1\]$_DFFE_PN0P_/D
      780 |       0 |     679 |       23 |            3 |        45 |  -0.500 |  -3.484 | out_act\[1\]$_DFFE_PN0P_/D
      790 |       0 |     688 |       23 |            3 |        46 |  -0.504 |  -3.506 | out_act\[1\]$_DFFE_PN0P_/D
      800 |       0 |     698 |       23 |            3 |        46 |  -0.499 |  -3.481 | out_act\[1\]$_DFFE_PN0P_/D
      810 |       0 |     706 |       23 |            3 |        48 |  -0.500 |  -3.482 | out_act\[3\]$_DFFE_PN0P_/D
      820 |       0 |     713 |       25 |            3 |        50 |  -0.507 |  -3.496 | out_act\[1\]$_DFFE_PN0P_/D
      824 |       0 |     673 |       24 |            3 |        51 |  -0.497 |  -3.458 | out_act\[1\]$_DFFE_PN0P_/D
      830 |       0 |     678 |       24 |            3 |        51 |  -0.505 |  -3.526 | out_act\[1\]$_DFFE_PN0P_/D
      840 |       0 |     688 |       24 |            3 |        51 |  -0.506 |  -3.520 | out_act\[1\]$_DFFE_PN0P_/D
      850 |       0 |     698 |       24 |            3 |        51 |  -0.504 |  -3.509 | out_act\[1\]$_DFFE_PN0P_/D
      860 |       0 |     705 |       24 |            3 |        54 |  -0.500 |  -3.482 | out_act\[1\]$_DFFE_PN0P_/D
      870 |       0 |     714 |       26 |            3 |        54 |  -0.506 |  -3.499 | out_act\[1\]$_DFFE_PN0P_/D
      875 |       0 |     673 |       25 |            3 |        55 |  -0.499 |  -3.473 | out_act\[1\]$_DFFE_PN0P_/D
      880 |       0 |     676 |       25 |            3 |        56 |  -0.497 |  -3.455 | out_act\[1\]$_DFFE_PN0P_/D
      890 |       0 |     682 |       27 |            3 |        59 |  -0.496 |  -3.451 | out_act\[1\]$_DFFE_PN0P_/D
      900 |       0 |     691 |       27 |            3 |        60 |  -0.495 |  -3.449 | out_act\[1\]$_DFFE_PN0P_/D
      910 |       0 |     700 |       27 |            3 |        61 |  -0.494 |  -3.447 | out_act\[1\]$_DFFE_PN0P_/D
      920 |       0 |     710 |       27 |            3 |        61 |  -0.501 |  -3.500 | out_act\[3\]$_DFFE_PN0P_/D
      930 |       0 |     720 |       27 |            3 |        61 |  -0.497 |  -3.463 | out_act\[3\]$_DFFE_PN0P_/D
      940 |       0 |     730 |       27 |            3 |        61 |  -0.496 |  -3.458 | out_act\[3\]$_DFFE_PN0P_/D
      950 |       0 |     739 |       27 |            3 |        62 |  -0.495 |  -3.455 | out_act\[3\]$_DFFE_PN0P_/D
      960 |       0 |     747 |       27 |            3 |        64 |  -0.496 |  -3.451 | out_act\[3\]$_DFFE_PN0P_/D
      965 |       0 |     705 |       27 |            3 |        64 |  -0.494 |  -3.446 | out_act\[1\]$_DFFE_PN0P_/D
      970 |       0 |     709 |       27 |            3 |        64 |  -0.501 |  -3.491 | out_act\[3\]$_DFFE_PN0P_/D
      980 |       0 |     719 |       27 |            3 |        64 |  -0.503 |  -3.503 | out_act\[3\]$_DFFE_PN0P_/D
      990 |       0 |     729 |       27 |            3 |        64 |  -0.501 |  -3.493 | out_act\[3\]$_DFFE_PN0P_/D
     1000 |       0 |     739 |       27 |            3 |        64 |  -0.500 |  -3.479 | out_act\[3\]$_DFFE_PN0P_/D
     1010 |       0 |     749 |       27 |            3 |        64 |  -0.500 |  -3.484 | out_act\[3\]$_DFFE_PN0P_/D
     1016 |       0 |     705 |       27 |            3 |        65 |  -0.494 |  -3.446 | out_act\[1\]$_DFFE_PN0P_/D
     1020 |       0 |     708 |       27 |            3 |        65 |  -0.497 |  -3.465 | out_act\[1\]$_DFFE_PN0P_/D
     1030 |       0 |     718 |       27 |            3 |        65 |  -0.499 |  -3.485 | out_act\[1\]$_DFFE_PN0P_/D
     1040 |       0 |     728 |       27 |            3 |        65 |  -0.499 |  -3.475 | out_act\[3\]$_DFFE_PN0P_/D
     1050 |       0 |     738 |       27 |            3 |        65 |  -0.497 |  -3.458 | out_act\[3\]$_DFFE_PN0P_/D
     1060 |       0 |     748 |       27 |            3 |        65 |  -0.497 |  -3.460 | out_act\[3\]$_DFFE_PN0P_/D
     1067 |       0 |     705 |       27 |            3 |        66 |  -0.494 |  -3.446 | out_act\[1\]$_DFFE_PN0P_/D
     1070 |       0 |     707 |       27 |            3 |        66 |  -0.494 |  -3.445 | out_act\[1\]$_DFFE_PN0P_/D
     1080 |       0 |     717 |       27 |            3 |        66 |  -0.497 |  -3.466 | out_act\[1\]$_DFFE_PN0P_/D
     1090 |       0 |     725 |       29 |            3 |        67 |  -0.506 |  -3.526 | out_act\[1\]$_DFFE_PN0P_/D
     1100 |       0 |     735 |       29 |            3 |        67 |  -0.501 |  -3.490 | out_act\[1\]$_DFFE_PN0P_/D
     1110 |       0 |     745 |       29 |            3 |        67 |  -0.498 |  -3.473 | out_act\[3\]$_DFFE_PN0P_/D
     1120 |       0 |     754 |       31 |            3 |        67 |  -0.494 |  -3.436 | out_act\[1\]$_DFFE_PN0P_/D
     1130 |       0 |     763 |       31 |            3 |        68 |  -0.497 |  -3.452 | out_act\[1\]$_DFFE_PN0P_/D
     1140 |       0 |     772 |       31 |            3 |        69 |  -0.493 |  -3.430 | out_act\[1\]$_DFFE_PN0P_/D
     1150 |       0 |     782 |       31 |            3 |        69 |  -0.494 |  -3.439 | out_act\[1\]$_DFFE_PN0P_/D
     1160 |       0 |     788 |       31 |            3 |        73 |  -0.493 |  -3.424 | out_act\[1\]$_DFFE_PN0P_/D
     1170 |       0 |     797 |       33 |            3 |        73 |  -0.493 |  -3.423 | out_act\[1\]$_DFFE_PN0P_/D
     1180 |       0 |     807 |       33 |            3 |        73 |  -0.493 |  -3.428 | out_act\[1\]$_DFFE_PN0P_/D
     1190 |       0 |     813 |       33 |            4 |        76 |  -0.493 |  -3.416 | out_act\[1\]$_DFFE_PN0P_/D
     1200 |       0 |     820 |       35 |            4 |        78 |  -0.493 |  -3.415 | out_act\[1\]$_DFFE_PN0P_/D
     1210 |       0 |     827 |       37 |            4 |        80 |  -0.493 |  -3.416 | out_act\[1\]$_DFFE_PN0P_/D
     1220 |       0 |     837 |       37 |            4 |        80 |  -0.494 |  -3.412 | out_act\[1\]$_DFFE_PN0P_/D
     1230 |       0 |     845 |       37 |            4 |        82 |  -0.494 |  -3.424 | out_act\[1\]$_DFFE_PN0P_/D
     1240 |       0 |     855 |       37 |            4 |        82 |  -0.494 |  -3.406 | out_act\[1\]$_DFFE_PN0P_/D
     1250 |       0 |     865 |       37 |            4 |        82 |  -0.495 |  -3.415 | out_act\[1\]$_DFFE_PN0P_/D
     1260 |       0 |     874 |       37 |            4 |        83 |  -0.495 |  -3.424 | out_act\[1\]$_DFFE_PN0P_/D
     1265 |       0 |     832 |       38 |            4 |        83 |  -0.493 |  -3.412 | out_act\[1\]$_DFFE_PN0P_/D
    final |       0 |     832 |       38 |            4 |        83 |  -0.493 |  -3.412 | out_act\[1\]$_DFFE_PN0P_/D
-------------------------------------------------------------------------------------------------
[INFO RSZ-0040] Inserted 19 buffers.
[INFO RSZ-0041] Resized 832 instances.
[INFO RSZ-0043] Swapped pins on 83 instances.
[INFO RSZ-0049] Cloned 4 instances.
[WARNING RSZ-0062] Unable to repair all setup violations.
[INFO RSZ-0046] Found 11 endpoints with hold violations.
Iteration | Resized | Buffers | Cloned Gates |   WNS   |   TNS   | Endpoint
---------------------------------------------------------------------------
        0 |       0 |       0 |            0 |   0.115 |  -1.461 | out_act\[6\]$_DFFE_PN0P_/D
    final |       0 |       6 |            0 |   0.013 |   0.000 | out_act\[7\]$_DFFE_PN0P_/RN
---------------------------------------------------------------------------
[INFO RSZ-0032] Inserted 6 hold buffers.
Placement Analysis
---------------------------------
total displacement       1104.2 u
average displacement        0.3 u
max displacement            6.3 u
original HPWL           16621.3 u
legalized HPWL          17812.3 u
delta HPWL                    7 %

Report metrics stage 4, cts final...

==========================================================================
cts final report_design_area
--------------------------------------------------------------------------
Design area 3856 u^2 58% utilization.
Elapsed time: 0:46.43[h:]min:sec. CPU time: user 45.05 sys 0.08 (97%). Peak memory: 118740KB.
cp ./results/nangate45/gcd/base/4_1_cts.odb ./results/nangate45/gcd/base/4_cts.odb

- Moving flow checkpoint out of orfs docker container -- 828c947f79bff2151abcd6d3fe04dc1244a59b2ffe8d8240dc7da030ff56a677


- Cleaning up docker containers and images

828c947f79bff2151abcd6d3fe04dc1244a59b2ffe8d8240dc7da030ff56a677

- Preparing outputs

flow/
flow/scripts/
flow/scripts/klayout.tcl
flow/scripts/io_placement.tcl
flow/scripts/final_report.tcl
flow/scripts/pdn.tcl
flow/scripts/read_macro_placement.tcl
flow/scripts/fillcell.tcl
flow/scripts/save_images.tcl
flow/scripts/io_placement_random.tcl
flow/scripts/write_ref_sdc.tcl
flow/scripts/abc_speed.script
flow/scripts/synth_metrics.tcl
flow/scripts/global_place.tcl
flow/scripts/resize.tcl
flow/scripts/report_metrics.tcl
flow/scripts/global_route.tcl
flow/scripts/sta-synth.tcl
flow/scripts/write_def.tcl
flow/scripts/tdms_place.tcl
flow/scripts/mem_dump.py
flow/scripts/synth.tcl
flow/scripts/detail_route.tcl
flow/scripts/read_liberty.tcl
flow/scripts/tapcell.tcl
flow/scripts/deletePowerNets.tcl
flow/scripts/util.tcl
flow/scripts/global_place_skip_io.tcl
flow/scripts/synth_preamble.tcl
flow/scripts/yosys.tcl
flow/scripts/cts.tcl
flow/scripts/deleteNonClkNets.tcl
flow/scripts/synth_hier_report.tcl
flow/scripts/floorplan.tcl
flow/scripts/deleteRoutingObstructions.tcl
flow/scripts/cdl.tcl
flow/scripts/abc_area.script
flow/scripts/noop.tcl
flow/scripts/macro_place_util.tcl
flow/scripts/escape.sh
flow/scripts/add_routing_blk.tcl
flow/scripts/sc/
flow/scripts/sc/README.md
flow/scripts/sc/tools/
flow/scripts/sc/tools/openroad/
flow/scripts/sc/tools/openroad/sc_apr.tcl
flow/scripts/sc/flows/
flow/scripts/sc/flows/orflow.py
flow/scripts/sc/util/
flow/scripts/sc/util/parse_config_mk.py
flow/scripts/sc/util/parse_target_config.py
flow/scripts/sc/targets/
flow/scripts/sc/targets/nangate45_orflow.py
flow/scripts/sc/targets/asap7_orflow.py
flow/scripts/sc/targets/sky130hd_orflow.py
flow/scripts/sc/targets/sky130hs_orflow.py
flow/scripts/gui.tcl
flow/scripts/placement_blockages.tcl
flow/scripts/load.tcl
flow/scripts/generate_abstract.tcl
flow/scripts/macro_place.tcl
flow/scripts/view_cells.tcl
flow/scripts/detail_place.tcl
flow/scripts/io_placement_util.tcl
flow/scripts/density_fill.tcl
flow/scripts/write_verilog.tcl
flow/tutorials/
flow/tutorials/scripts/
flow/tutorials/scripts/gui/
flow/tutorials/scripts/gui/load_lef.tcl
flow/tutorials/scripts/drt/
flow/tutorials/scripts/drt/helpers.tcl
flow/tutorials/scripts/drt/drc_fix.tcl
flow/tutorials/scripts/drt/drc_issue.tcl
flow/tutorials/scripts/drt/gcd/
flow/tutorials/scripts/drt/gcd/drc_cts.def
flow/tutorials/scripts/drt/gcd/gcd.sdc
flow/tutorials/scripts/drt/gcd/4_cts.def
flow/tutorials/scripts/metal_fill/
flow/tutorials/scripts/metal_fill/5_route.odb
flow/tutorials/scripts/metal_fill/metal_fill.tcl
flow/tutorials/scripts/metal_fill/helpers.tcl
flow/tutorials/README.md
flow/Makefile.py
flow/platforms/
flow/platforms/nangate45/
flow/platforms/nangate45/FreePDK45.lyt
flow/platforms/nangate45/fakeram.tcl
flow/platforms/nangate45/grid_strategy-M1-M4-M7.tcl
flow/platforms/nangate45/setRC.tcl
flow/platforms/nangate45/FreePDK45.lyp
flow/platforms/nangate45/README.md
flow/platforms/nangate45/work_around_yosys/
flow/platforms/nangate45/work_around_yosys/cells.v
flow/platforms/nangate45/rcx_patterns.rules
flow/platforms/nangate45/tapcell.tcl
flow/platforms/nangate45/drc/
flow/platforms/nangate45/drc/FreePDK45.lydrc
flow/platforms/nangate45/make_tracks.tcl
flow/platforms/nangate45/lib/
flow/platforms/nangate45/lib/fakeram45_64x64.lib
flow/platforms/nangate45/lib/fakeram45_2048x39.lib
flow/platforms/nangate45/lib/fakeram45_32x32.lib
flow/platforms/nangate45/lib/fakeram45_256x95.lib
flow/platforms/nangate45/lib/fakeram45_64x7.lib
flow/platforms/nangate45/lib/fakeram45_512x64.lib
flow/platforms/nangate45/lib/fakeram45_128x116.lib
flow/platforms/nangate45/lib/fakeram45_256x48.lib
flow/platforms/nangate45/lib/fakeram45_64x32.lib
flow/platforms/nangate45/lib/fakeram45_64x15.lib
flow/platforms/nangate45/lib/fakeram45_64x21.lib
flow/platforms/nangate45/lib/fakeram45_128x32.lib
flow/platforms/nangate45/lib/fakeram45_64x124.lib
flow/platforms/nangate45/lib/fakeram45_128x256.lib
flow/platforms/nangate45/lib/NangateOpenCellLibrary_typical.lib
flow/platforms/nangate45/lib/fakeram45_1024x32.lib
flow/platforms/nangate45/lib/fakeram45_32x64.lib
flow/platforms/nangate45/lib/fakeram45_256x34.lib
flow/platforms/nangate45/lib/fakeram45_256x96.lib
flow/platforms/nangate45/lib/fakeram45_64x96.lib
flow/platforms/nangate45/lib/fakeram45_256x16.lib
flow/platforms/nangate45/lib/fakeram45_256x32.lib
flow/platforms/nangate45/lib/fakeram45_64x62.lib
flow/platforms/nangate45/cells_latch.v
flow/platforms/nangate45/fakeram.cfg
flow/platforms/nangate45/magic.tech
flow/platforms/nangate45/cells_clkgate.v
flow/platforms/nangate45/LICENSE
flow/platforms/nangate45/fastroute.tcl
flow/platforms/nangate45/gds/
flow/platforms/nangate45/gds/NangateOpenCellLibrary.gds
flow/platforms/nangate45/template_pga.cfg
flow/platforms/nangate45/config.mk
flow/platforms/nangate45/cdl/
flow/platforms/nangate45/cdl/NangateOpenCellLibrary.cdl
flow/platforms/nangate45/cells_adders.v
flow/platforms/nangate45/lef/
flow/platforms/nangate45/lef/NangateOpenCellLibrary.macro.mod.lef
flow/platforms/nangate45/lef/fakeram45_512x64.lef
flow/platforms/nangate45/lef/fakeram45_256x95.lef
flow/platforms/nangate45/lef/fakeram45_256x96.lef
flow/platforms/nangate45/lef/fakeram45_2048x39.lef
flow/platforms/nangate45/lef/NangateOpenCellLibrary.macro.lef
flow/platforms/nangate45/lef/fakeram45_64x124.lef
flow/platforms/nangate45/lef/fakeram45_256x34.lef
flow/platforms/nangate45/lef/fakeram45_64x62.lef
flow/platforms/nangate45/lef/fakeram45_32x64.lef
flow/platforms/nangate45/lef/fakeram45_64x21.lef
flow/platforms/nangate45/lef/fakeram45_1024x32.lef
flow/platforms/nangate45/lef/fakeram45_128x116.lef
flow/platforms/nangate45/lef/fakeram45_64x7.lef
flow/platforms/nangate45/lef/NangateOpenCellLibrary.macro.rect.lef
flow/platforms/nangate45/lef/fakeram45_32x32.lef
flow/platforms/nangate45/lef/NangateOpenCellLibrary.tech.lef
flow/platforms/nangate45/lef/fakeram45_64x96.lef
flow/platforms/nangate45/lef/fakeram45_256x48.lef
flow/platforms/nangate45/lef/fakeram45_64x32.lef
flow/platforms/nangate45/lef/fakeram45_256x32.lef
flow/platforms/nangate45/lef/fakeram45_64x64.lef
flow/platforms/nangate45/lef/fakeram45_128x256.lef
flow/platforms/nangate45/lef/fakeram45_256x16.lef
flow/platforms/nangate45/lef/fakeram45_64x15.lef
flow/platforms/nangate45/lef/fakeram45_128x32.lef
flow/platforms/common/
flow/platforms/common/lcu_kogge_stone.v
flow/reports/
flow/reports/nangate45/
flow/reports/nangate45/gcd/
flow/reports/nangate45/gcd/base/
flow/reports/nangate45/gcd/base/synth_check.txt
flow/reports/nangate45/gcd/base/2_floorplan_final.rpt
flow/reports/nangate45/gcd/base/5_global_place.rpt
flow/reports/nangate45/gcd/base/3_resizer.rpt
flow/reports/nangate45/gcd/base/4_cts_final.rpt
flow/reports/nangate45/gcd/base/synth_stat.txt
flow/reports/nangate45/gcd/base/3_detailed_place.rpt
flow/util/
flow/util/gallery.json
flow/util/plot_floorplan.py
flow/util/correlateRC.py
flow/util/generate-vars.sh
flow/util/genReport.py
flow/util/addDummyToLef.py
flow/util/executeParallel.sh
flow/util/genMassive.py
flow/util/calPath.py
flow/util/docker_shell
flow/util/cell-veneer/
flow/util/cell-veneer/README.md
flow/util/cell-veneer/pkgIndex.tcl
flow/util/cell-veneer/lefdef.tcl
flow/util/cell-veneer/wrap_stdcells.tcl
flow/util/cell-veneer/wrap.tcl
flow/util/distributed.py
flow/util/genAllRuleFiles.sh
flow/util/genMetrics.py
flow/util/checkMetadata.py
flow/util/genElapsedTime.py
flow/util/uploadMetadata.py
flow/util/appendStatsToDb.py
flow/util/write_net_rc.tcl
flow/util/viewDrc.py
flow/util/run.sh
flow/util/def2stream.py
flow/util/genReportTable.py
flow/util/updateRules.py
flow/util/write_net_rc_script.tcl
flow/util/utils.mk
flow/util/calBuffer.py
flow/util/createGallery.py
flow/util/mergeLib.pl
flow/util/makeIssue.sh
flow/util/convertDrc.py
flow/util/preprocessLib.py
flow/util/viewGuide.py
flow/util/genRuleFile.py
flow/logs/
flow/logs/nangate45/
flow/logs/nangate45/gcd/
flow/logs/nangate45/gcd/base/
flow/logs/nangate45/gcd/base/3_1_place_gp_skip_io.json
flow/logs/nangate45/gcd/base/2_1_floorplan.json
flow/logs/nangate45/gcd/base/2_6_floorplan_pdn.json
flow/logs/nangate45/gcd/base/1_1_yosys.log
flow/logs/nangate45/gcd/base/3_2_place_iop.log
flow/logs/nangate45/gcd/base/2_4_floorplan_macro.log
flow/logs/nangate45/gcd/base/2_3_floorplan_tdms.json
flow/logs/nangate45/gcd/base/3_1_place_gp_skip_io.log
flow/logs/nangate45/gcd/base/4_1_cts.log
flow/logs/nangate45/gcd/base/3_3_place_gp.log
flow/logs/nangate45/gcd/base/2_4_floorplan_macro.json
flow/logs/nangate45/gcd/base/3_3_place_gp.json
flow/logs/nangate45/gcd/base/3_4_place_resized.json
flow/logs/nangate45/gcd/base/3_5_place_dp.json
flow/logs/nangate45/gcd/base/3_2_place_iop.json
flow/logs/nangate45/gcd/base/4_1_cts.json
flow/logs/nangate45/gcd/base/3_5_place_dp.log
flow/logs/nangate45/gcd/base/2_2_floorplan_io.json
flow/logs/nangate45/gcd/base/2_5_floorplan_tapcell.log
flow/logs/nangate45/gcd/base/2_6_floorplan_pdn.log
flow/logs/nangate45/gcd/base/3_4_place_resized.log
flow/logs/nangate45/gcd/base/2_2_floorplan_io.log
flow/logs/nangate45/gcd/base/2_5_floorplan_tapcell.json
flow/logs/nangate45/gcd/base/2_3_floorplan_tdms.log
flow/logs/nangate45/gcd/base/2_1_floorplan.log
flow/results/
flow/results/nangate45/
flow/results/nangate45/gcd/
flow/results/nangate45/gcd/base/
flow/results/nangate45/gcd/base/3_1_place_gp_skip_io.odb
flow/results/nangate45/gcd/base/3_3_place_gp.odb
flow/results/nangate45/gcd/base/4_cts.odb
flow/results/nangate45/gcd/base/4_cts.sdc
flow/results/nangate45/gcd/base/3_5_place_dp.odb
flow/results/nangate45/gcd/base/mem.json
flow/results/nangate45/gcd/base/1_synth.sdc
flow/results/nangate45/gcd/base/2_4_floorplan_macro.odb
flow/results/nangate45/gcd/base/2_6_floorplan_pdn.odb
flow/results/nangate45/gcd/base/2_5_floorplan_tapcell.odb
flow/results/nangate45/gcd/base/2_floorplan.sdc
flow/results/nangate45/gcd/base/1_synth.v
flow/results/nangate45/gcd/base/1_1_yosys.v
flow/results/nangate45/gcd/base/2_3_floorplan_tdms.odb
flow/results/nangate45/gcd/base/2_floorplan.odb
flow/results/nangate45/gcd/base/3_2_place_iop.odb
flow/results/nangate45/gcd/base/3_place.sdc
flow/results/nangate45/gcd/base/4_1_cts.odb
flow/results/nangate45/gcd/base/clock_period.txt
flow/results/nangate45/gcd/base/2_2_floorplan_io.odb
flow/results/nangate45/gcd/base/2_1_floorplan.odb
flow/results/nangate45/gcd/base/3_place.odb
flow/results/nangate45/gcd/base/3_4_place_resized.odb
flow/.gitignore
flow/test/
flow/test/test_helper.sh
flow/test/test_genElapsedTime.py
flow/test/core_tests.sh
flow/test/test_delta_debug.sh
flow/test/test_make_issue.sh
flow/test/smoke.sh
flow/test/nodes.txt
flow/test/.gitignore
flow/objects/
flow/objects/nangate45/
flow/objects/nangate45/gcd/
flow/objects/nangate45/gcd/base/
flow/objects/nangate45/gcd/base/copyright.txt
flow/objects/nangate45/gcd/base/abc.constr
flow/objects/nangate45/gcd/base/lib/
flow/objects/nangate45/gcd/base/lib/NangateOpenCellLibrary_typical.lib
flow/Makefile
flow/designs/
flow/designs/nangate45/
flow/designs/nangate45/gcd/
flow/designs/nangate45/gcd/rules-base.json
flow/designs/nangate45/gcd/constraint.sdc
flow/designs/nangate45/gcd/metadata-base-ok.json
flow/designs/nangate45/gcd/config.mk
flow/designs/src/
flow/designs/src/gcd/
flow/designs/src/gcd/README.md
flow/designs/src/gcd/gcd.v
