Information: Propagating switching activity (high effort zero delay simulation). (PWR-6)
Warning: Design has unannotated primary inputs. (PWR-414)
Warning: Design has unannotated sequential cell outputs. (PWR-415)
 
****************************************
Report : power
        -analysis_effort high
Design : mac_pipeline_superscalar
Version: Q-2019.12-SP5-5
Date   : Sun Jun 15 18:58:02 2025
****************************************


Library(s) Used:

    saed32lvt_ss0p75v125c (File: /home/ScalableArchiLab/SAED32_EDK/lib/stdcell_lvt/db_ccs/saed32lvt_ss0p75v125c.db)


Operating Conditions: ss0p75v125c   Library: saed32lvt_ss0p75v125c
Wire Load Model Mode: enclosed

Design        Wire Load Model            Library
------------------------------------------------
mac_pipeline_superscalar
                       8000              saed32lvt_ss0p75v125c


Global Operating Voltage = 0.75 
Power-specific unit information :
    Voltage Units = 1V
    Capacitance Units = 1.000000ff
    Time Units = 1ns
    Dynamic Power Units = 1uW    (derived from V,C,T units)
    Leakage Power Units = 1pW


  Cell Internal Power  =  67.7148 uW   (70%)
  Net Switching Power  =  29.4819 uW   (30%)
                         ---------
Total Dynamic Power    =  97.1967 uW  (100%)

Cell Leakage Power     = 226.6864 uW


                 Internal         Switching           Leakage            Total
Power Group      Power            Power               Power              Power   (   %    )  Attrs
--------------------------------------------------------------------------------------------------
io_pad             0.0000            0.0000            0.0000            0.0000  (   0.00%)
memory             0.0000            0.0000            0.0000            0.0000  (   0.00%)
black_box          0.0000            0.0000            0.0000            0.0000  (   0.00%)
clock_network      0.0000            0.0000            0.0000            0.0000  (   0.00%)
register           0.1212        6.7237e-02        6.5922e+05            0.8477  (   0.26%)
sequential     -5.8198e-01            1.2398        8.6609e+07           87.2664 (  26.94%)
combinational     68.1756           28.1748        1.3942e+08          235.7689  (  72.79%)
--------------------------------------------------------------------------------------------------
Total             67.7149 uW        29.4819 uW     2.2669e+08 pW       323.8830 uW
1
