Information: Propagating switching activity (high effort zero delay simulation). (PWR-6)
Warning: Design has unannotated primary inputs. (PWR-414)
Warning: Design has unannotated sequential cell outputs. (PWR-415)
 
****************************************
Report : power
        -analysis_effort high
Design : mac_pipeline_shift
Version: Q-2019.12-SP5-5
Date   : Sun Jun 15 19:00:14 2025
****************************************


Library(s) Used:

    saed32lvt_ss0p75v125c (File: /home/ScalableArchiLab/SAED32_EDK/lib/stdcell_lvt/db_ccs/saed32lvt_ss0p75v125c.db)


Operating Conditions: ss0p75v125c   Library: saed32lvt_ss0p75v125c
Wire Load Model Mode: enclosed

Design        Wire Load Model            Library
------------------------------------------------
mac_pipeline_shift     8000              saed32lvt_ss0p75v125c


Global Operating Voltage = 0.75 
Power-specific unit information :
    Voltage Units = 1V
    Capacitance Units = 1.000000ff
    Time Units = 1ns
    Dynamic Power Units = 1uW    (derived from V,C,T units)
    Leakage Power Units = 1pW


  Cell Internal Power  =  18.4747 uW   (61%)
  Net Switching Power  =  11.7751 uW   (39%)
                         ---------
Total Dynamic Power    =  30.2498 uW  (100%)

Cell Leakage Power     = 205.5978 uW


                 Internal         Switching           Leakage            Total
Power Group      Power            Power               Power              Power   (   %    )  Attrs
--------------------------------------------------------------------------------------------------
io_pad             0.0000            0.0000            0.0000            0.0000  (   0.00%)
memory             0.0000            0.0000            0.0000            0.0000  (   0.00%)
black_box          0.0000            0.0000            0.0000            0.0000  (   0.00%)
clock_network      0.0000            0.0000            0.0000            0.0000  (   0.00%)
register           0.1229        6.8601e-02        6.5922e+05            0.8508  (   0.36%)
sequential     -5.8883e-01            0.1736        7.7515e+07           77.0994 (  32.69%)
combinational     18.9406           11.5329        1.2742e+08          157.8974  (  66.95%)
--------------------------------------------------------------------------------------------------
Total             18.4747 uW        11.7751 uW     2.0560e+08 pW       235.8476 uW
1
