Warning: Design 'SPRNN_Top' has '2' unresolved references. For more detailed information, use the "link" command. (UID-341)
 
****************************************
Report : qor
Design : SPRNN_Top
Version: Q-2019.12-SP5-5
Date   : Sun Jun 15 19:40:49 2025
****************************************


  Timing Path Group 'clk'
  -----------------------------------
  Levels of Logic:              10.00
  Critical Path Length:          1.78
  Critical Path Slack:           0.44
  Critical Path Clk Period:      5.00
  Total Negative Slack:          0.00
  No. of Violating Paths:        0.00
  Worst Hold Violation:          0.00
  Total Hold Violation:          0.00
  No. of Hold Violations:        0.00
  -----------------------------------


  Cell Count
  -----------------------------------
  Hierarchical Cell Count:        270
  Hierarchical Port Count:      17712
  Leaf Cell Count:              79447
  Buf/Inv Cell Count:           10676
  Buf Cell Count:                1150
  Inv Cell Count:                9526
  CT Buf/Inv Cell Count:            0
  Combinational Cell Count:     54719
  Sequential Cell Count:        24728
  Macro Count:                      0
  -----------------------------------


  Area
  -----------------------------------
  Combinational Area:    33126.155622
  Noncombinational Area: 34904.072018
  Buf/Inv Area:           2205.293951
  Total Buffer Area:           338.10
  Total Inverter Area:        1867.19
  Macro/Black Box Area:      0.000000
  Net Area:                  0.000000
  -----------------------------------
  Cell Area:             68030.227640
  Design Area:           68030.227640


  Design Rules
  -----------------------------------
  Total Number of Nets:         85578
  Nets With Violations:             0
  Max Trans Violations:             0
  Max Cap Violations:               0
  -----------------------------------


  Hostname: taurus

  Compile CPU Statistics
  -----------------------------------------
  Resource Sharing:                   39.59
  Logic Optimization:                 61.18
  Mapping Optimization:              418.81
  -----------------------------------------
  Overall Compile Time:              550.70
  Overall Compile Wall Clock Time:   551.23

  --------------------------------------------------------------------

  Design  WNS: 0.00  TNS: 0.00  Number of Violating Paths: 0


  Design (Hold)  WNS: 0.00  TNS: 0.00  Number of Violating Paths: 0

  --------------------------------------------------------------------


1
