OpenROAD v2.0-14264-g08c19394f 
Features included (+) or not (-): +Charts +GPU +GUI +Python
This program is licensed under the BSD-3 license. See the LICENSE file for details.
Components of this program may be licensed under more restrictive licenses which must be honored.
Placement Analysis
---------------------------------
total displacement       3751.1 u
average displacement        1.0 u
max displacement            4.0 u
original HPWL           14232.9 u
legalized HPWL          17933.7 u
delta HPWL                   26 %

Detailed placement improvement.
Importing netlist into detailed improver.
[INFO DPO-0100] Creating network with 3595 cells, 108 terminals, 3589 edges, 10563 pins, and 0 blockages.
[INFO DPO-0109] Network stats: inst 3703, edges 3589, pins 10563
[INFO DPO-0110] Number of regions is 1
[INFO DPO-0401] Setting random seed to 1.
[INFO DPO-0402] Setting maximum displacement 5 1 to 14000 2800 units.
[INFO DPO-0320] Collected 224 fixed cells.
[INFO DPO-0318] Collected 3479 single height cells.
[INFO DPO-0321] Collected 0 wide cells.
[INFO DPO-0322] Image (2280, 2800) - (165300, 165200)
[INFO DPO-0310] Assigned 3479 cells into segments.  Movement in X-direction is 0.000000, movement in Y-direction is 0.000000.
[INFO DPO-0313] Found 0 cells in wrong regions.
[INFO DPO-0315] Found 0 row alignment problems.
[INFO DPO-0314] Found 0 site alignment problems.
[INFO DPO-0311] Found 0 overlaps between adjacent cells.
[INFO DPO-0312] Found 0 edge spacing violations and 0 padding violations.
[INFO DPO-0303] Running algorithm for independent set matching.
[INFO DPO-0300] Set matching objective is wirelength.
[INFO DPO-0301] Pass   1 of matching; objective is 3.584190e+07.
[INFO DPO-0302] End of matching; objective is 3.554514e+07, improvement is 0.83 percent.
[INFO DPO-0303] Running algorithm for global swaps.
[INFO DPO-0306] Pass   1 of global swaps; hpwl is 3.415793e+07.
[INFO DPO-0306] Pass   2 of global swaps; hpwl is 3.385460e+07.
[INFO DPO-0307] End of global swaps; objective is 3.385460e+07, improvement is 4.76 percent.
[INFO DPO-0303] Running algorithm for vertical swaps.
[INFO DPO-0308] Pass   1 of vertical swaps; hpwl is 3.364770e+07.
[INFO DPO-0309] End of vertical swaps; objective is 3.364770e+07, improvement is 0.61 percent.
[INFO DPO-0303] Running algorithm for reordering.
[INFO DPO-0304] Pass   1 of reordering; objective is 3.323428e+07.
[INFO DPO-0304] Pass   2 of reordering; objective is 3.318894e+07.
[INFO DPO-0305] End of reordering; objective is 3.318894e+07, improvement is 1.36 percent.
[INFO DPO-0303] Running algorithm for random improvement.
[INFO DPO-0324] Random improver is using displacement generator.
[INFO DPO-0325] Random improver is using hpwl objective.
[INFO DPO-0326] Random improver cost string is (a).
[INFO DPO-0332] End of pass, Generator displacement called 69580 times.
[INFO DPO-0335] Generator displacement, Cumulative attempts 69580, swaps 13076, moves 20335 since last reset.
[INFO DPO-0333] End of pass, Objective hpwl, Initial cost 3.318894e+07, Scratch cost 3.257900e+07, Incremental cost 3.257900e+07, Mismatch? N
[INFO DPO-0338] End of pass, Total cost is 3.257900e+07.
[INFO DPO-0327] Pass   1 of random improver; improvement in cost is 1.84 percent.
[INFO DPO-0332] End of pass, Generator displacement called 69580 times.
[INFO DPO-0335] Generator displacement, Cumulative attempts 139160, swaps 25890, moves 40753 since last reset.
[INFO DPO-0333] End of pass, Objective hpwl, Initial cost 3.257900e+07, Scratch cost 3.231132e+07, Incremental cost 3.231132e+07, Mismatch? N
[INFO DPO-0338] End of pass, Total cost is 3.231132e+07.
[INFO DPO-0327] Pass   2 of random improver; improvement in cost is 0.82 percent.
[INFO DPO-0328] End of random improver; improvement is 2.644300 percent.
[INFO DPO-0380] Cell flipping.
[INFO DPO-0382] Changed 1767 cell orientations for row compatibility.
[INFO DPO-0383] Performed 1184 cell flips.
[INFO DPO-0384] End of flipping; objective is 3.297590e+07, improvement is -2.06 percent.
[INFO DPO-0313] Found 0 cells in wrong regions.
[INFO DPO-0315] Found 0 row alignment problems.
[INFO DPO-0314] Found 0 site alignment problems.
[INFO DPO-0311] Found 0 overlaps between adjacent cells.
[INFO DPO-0312] Found 0 edge spacing violations and 0 padding violations.
Detailed Improvement Results
------------------------------------------
Original HPWL            17933.7 u
Final HPWL               15988.8 u
Delta HPWL                 -10.8 %

[INFO DPL-0020] Mirrored 266 instances
[INFO DPL-0021] HPWL before           15988.8 u
[INFO DPL-0022] HPWL after            15971.9 u
[INFO DPL-0023] HPWL delta               -0.1 %
[INFO FLW-0012] Placement violations .
Report metrics stage 3, detailed place...

==========================================================================
detailed place report_design_area
--------------------------------------------------------------------------
Design area 3231 u^2 49% utilization.
Elapsed time: 0:02.34[h:]min:sec. CPU time: user 2.44 sys 0.03 (105%). Peak memory: 111572KB.
